  state:0.0, ok
  Welcome! Try test(1,1,1,1,30)
->test(1,1,1,1,30)
  state:1.0, mode:test(1,1,1,1,30), ok
  Movement:none
    (1:1)  (1:2)  (1:3)  (1:4)  (1:5)  
    E---   *---   P---   ----   PP--   
    (2:1)  (2:2)  (2:3)  (2:4)  (2:5)  
    ----   ----   W---   ----   P---   
    (3:1)  (3:2)  (3:3)  (3:4)  (3:5)  
    PY--   ----   O---   PW--   ----   
    (4:1)  (4:2)  (4:3)  (4:4)  (4:5)  
    W---   P*--   P---   P*--   ----   
    (5:1)  (5:2)  (5:3)  (5:4)  (5:5)  
    PW--   ----   *---   ----   PW--   
->abort
  state:1.1, ok
  Mission aborted. Try test(1,1,1,1,30)
->test(1,1,1,1,30)
  state:2.0, mode:test(1,1,1,1,30), ok
  Movement:none
    (1:1)  (1:2)  (1:3)  (1:4)  (1:5)  
    EW--   PPP*   PP--   P---   Y---   
    (2:1)  (2:2)  (2:3)  (2:4)  (2:5)  
    ----   *---   PY--   ----   P---   
    (3:1)  (3:2)  (3:3)  (3:4)  (3:5)  
    P---   ----   O---   PY--   P---   
    (4:1)  (4:2)  (4:3)  (4:4)  (4:5)  
    ----   ----   W---   P---   ----   
    (5:1)  (5:2)  (5:3)  (5:4)  (5:5)  
    ----   PY--   P---   *---   PW--   
->abort
  state:2.1, ok
  Mission aborted. Try test(1,1,1,1,30)
->test(1,1,1,1,30)
  state:3.0, mode:test(1,1,1,1,30), ok
  Movement:none
    (1:1)  (1:2)  (1:3)  (1:4)  (1:5)  
    EP--   PY--   P---   P---   W---   
    (2:1)  (2:2)  (2:3)  (2:4)  (2:5)  
    PP--   ----   ----   ----   P---   
    (3:1)  (3:2)  (3:3)  (3:4)  (3:5)  
    W---   *---   O---   PPPW   PY--   
    (4:1)  (4:2)  (4:3)  (4:4)  (4:5)  
    P*--   W---   P---   P---   ----   
    (5:1)  (5:2)  (5:3)  (5:4)  (5:5)  
    ----   ----   P*--   P---   Y---   
->abort
  state:3.1, ok
  Mission aborted. Try test(1,1,1,1,30)
->test(1,1,1,1,30)
  state:4.0, mode:test(1,1,1,1,30), ok
  Movement:none
    (1:1)  (1:2)  (1:3)  (1:4)  (1:5)  
    E---   P---   W---   ----   P---   
    (2:1)  (2:2)  (2:3)  (2:4)  (2:5)  
    ----   P*--   P---   ----   ----   
    (3:1)  (3:2)  (3:3)  (3:4)  (3:5)  
    P---   P---   O---   ----   P---   
    (4:1)  (4:2)  (4:3)  (4:4)  (4:5)  
    P---   PY--   *---   W---   W---   
    (5:1)  (5:2)  (5:3)  (5:4)  (5:5)  
    *---   Y---   P*--   P*--   ----   
->abort
  state:4.1, ok
  Mission aborted. Try test(1,1,1,1,30)
->test(1,1,1,1,30)
  state:5.0, mode:test(1,1,1,1,30), ok
  Movement:none
    (1:1)  (1:2)  (1:3)  (1:4)  (1:5)  
    EW--   *---   P---   P*--   ----   
    (2:1)  (2:2)  (2:3)  (2:4)  (2:5)  
    PP--   P*--   W---   ----   PP*-   
    (3:1)  (3:2)  (3:3)  (3:4)  (3:5)  
    P*--   ----   O---   ----   ----   
    (4:1)  (4:2)  (4:3)  (4:4)  (4:5)  
    ----   ----   W---   *---   ----   
    (5:1)  (5:2)  (5:3)  (5:4)  (5:5)  
    P---   PY--   ----   ----   P---   
->abort
  state:5.1, ok
  Mission aborted. Try test(1,1,1,1,30)
->test(1,1,1,1,30)
  state:6.0, mode:test, ok
  Movement:none
  Sectors:
    [1,1]->[0,E],-,-,-
    [1,2]->[1,P],[-6,*],-,-
    [1,3]->-,-,-,-
    [1,4]->-,-,-,-
    [1,5]->[2,P],[-4,W],-,-
    [2,1]->[3,P],[-7,W],-,-
    [2,2]->[4,P],-,-,-
    [2,3]->-,-,-,-
    [2,4]->[-8,Y],-,-,-
    [2,5]->[5,P],-,-,-
    [3,1]->-,-,-,-
    [3,2]->[6,P],[-3,*],-,-
    [3,3]->[-1,O],-,-,-
    [3,4]->[7,P],[-2,W],-,-
    [3,5]->[8,P],-,-,-
    [4,1]->[-9,W],-,-,-
    [4,2]->[-5,Y],-,-,-
    [4,3]->[9,P],-,-,-
    [4,4]->-,-,-,-
    [4,5]->-,-,-,-
    [5,1]->[10,P],[-10,Y],-,-
    [5,2]->-,-,-,-
    [5,3]->[-11,W],-,-,-
    [5,4]->-,-,-,-
    [5,5]->[11,P],-,-,-
  Descriptions:
    [-11,W]->
    [-10,Y]->Luminosity:2
    [-9,W]->
    [-8,Y]->Luminosity:2
    [-7,W]->
    [-6,*]->Luminosity:5
    [-5,Y]->Luminosity:2
    [-4,W]->
    [-3,*]->Luminosity:5
    [-2,W]->
    [-1,O]->
    [0,E]->fuel:3/3, life:3/3, landed?:F
    [1,P]->attached?:F, support_life?:F, visited?:F, turns_left:2
    [2,P]->attached?:F, support_life?:F, visited?:F, turns_left:1
    [3,P]->attached?:F, support_life?:F, visited?:F, turns_left:2
    [4,P]->attached?:F, support_life?:F, visited?:F, turns_left:1
    [5,P]->attached?:F, support_life?:F, visited?:F, turns_left:2
    [6,P]->attached?:F, support_life?:F, visited?:F, turns_left:0
    [7,P]->attached?:F, support_life?:F, visited?:F, turns_left:1
    [8,P]->attached?:F, support_life?:F, visited?:F, turns_left:0
    [9,P]->attached?:F, support_life?:F, visited?:F, turns_left:2
    [10,P]->attached?:F, support_life?:F, visited?:F, turns_left:0
    [11,P]->attached?:F, support_life?:F, visited?:F, turns_left:0
  Deaths This Turn:none
    (1:1)  (1:2)  (1:3)  (1:4)  (1:5)  
    E---   P*--   ----   ----   PW--   
    (2:1)  (2:2)  (2:3)  (2:4)  (2:5)  
    PW--   P---   ----   Y---   P---   
    (3:1)  (3:2)  (3:3)  (3:4)  (3:5)  
    ----   P*--   O---   PW--   P---   
    (4:1)  (4:2)  (4:3)  (4:4)  (4:5)  
    W---   Y---   P---   ----   ----   
    (5:1)  (5:2)  (5:3)  (5:4)  (5:5)  
    PY--   ----   W---   ----   P---   
->move(N)
  state:7.0, mode:test, ok
  Movement:
    [0,E]:[1,1,1]->[5,1,3]
    [8,P]:[3,5,1]->[4,4,1]
    [11,P]:[5,5,1]->[1,4,1]
  Sectors:
    [1,1]->-,-,-,-
    [1,2]->[1,P],[-6,*],-,-
    [1,3]->-,-,-,-
    [1,4]->[11,P],-,-,-
    [1,5]->[2,P],[-4,W],-,-
    [2,1]->[3,P],[-7,W],-,-
    [2,2]->[4,P],-,-,-
    [2,3]->-,-,-,-
    [2,4]->[-8,Y],-,-,-
    [2,5]->[5,P],-,-,-
    [3,1]->-,-,-,-
    [3,2]->[6,P],[-3,*],-,-
    [3,3]->[-1,O],-,-,-
    [3,4]->[7,P],[-2,W],-,-
    [3,5]->-,-,-,-
    [4,1]->[-9,W],-,-,-
    [4,2]->[-5,Y],-,-,-
    [4,3]->[9,P],-,-,-
    [4,4]->[8,P],-,-,-
    [4,5]->-,-,-,-
    [5,1]->[10,P],[-10,Y],[0,E],-
    [5,2]->-,-,-,-
    [5,3]->[-11,W],-,-,-
    [5,4]->-,-,-,-
    [5,5]->-,-,-,-
  Descriptions:
    [-11,W]->
    [-10,Y]->Luminosity:2
    [-9,W]->
    [-8,Y]->Luminosity:2
    [-7,W]->
    [-6,*]->Luminosity:5
    [-5,Y]->Luminosity:2
    [-4,W]->
    [-3,*]->Luminosity:5
    [-2,W]->
    [-1,O]->
    [0,E]->fuel:3/3, life:3/3, landed?:F
    [1,P]->attached?:F, support_life?:F, visited?:F, turns_left:1
    [2,P]->attached?:F, support_life?:F, visited?:F, turns_left:0
    [3,P]->attached?:F, support_life?:F, visited?:F, turns_left:1
    [4,P]->attached?:F, support_life?:F, visited?:F, turns_left:0
    [5,P]->attached?:F, support_life?:F, visited?:F, turns_left:1
    [6,P]->attached?:T, support_life?:F, visited?:F, turns_left:N/A
    [7,P]->attached?:F, support_life?:F, visited?:F, turns_left:0
    [8,P]->attached?:F, support_life?:F, visited?:F, turns_left:2
    [9,P]->attached?:F, support_life?:F, visited?:F, turns_left:1
    [10,P]->attached?:T, support_life?:T, visited?:F, turns_left:N/A
    [11,P]->attached?:F, support_life?:F, visited?:F, turns_left:2
  Deaths This Turn:none
    (1:1)  (1:2)  (1:3)  (1:4)  (1:5)  
    ----   P*--   ----   P---   PW--   
    (2:1)  (2:2)  (2:3)  (2:4)  (2:5)  
    PW--   P---   ----   Y---   P---   
    (3:1)  (3:2)  (3:3)  (3:4)  (3:5)  
    ----   P*--   O---   PW--   ----   
    (4:1)  (4:2)  (4:3)  (4:4)  (4:5)  
    W---   Y---   P---   P---   ----   
    (5:1)  (5:2)  (5:3)  (5:4)  (5:5)  
    PYE-   ----   W---   ----   ----   
->move(NE)
  state:8.0, mode:test, ok
  Movement:
    [0,E]:[5,1,3]->[4,2,2]
    [2,P]:[1,5,1]->[2,5,2]
    [4,P]:[2,2,1]->[1,2,3]
    [7,P]:[3,4,1]->[3,5,1]
  Sectors:
    [1,1]->-,-,-,-
    [1,2]->[1,P],[-6,*],[4,P],-
    [1,3]->-,-,-,-
    [1,4]->[11,P],-,-,-
    [1,5]->-,[-4,W],-,-
    [2,1]->[3,P],[-7,W],-,-
    [2,2]->-,-,-,-
    [2,3]->-,-,-,-
    [2,4]->[-8,Y],-,-,-
    [2,5]->[5,P],[2,P],-,-
    [3,1]->-,-,-,-
    [3,2]->[6,P],[-3,*],-,-
    [3,3]->[-1,O],-,-,-
    [3,4]->-,[-2,W],-,-
    [3,5]->[7,P],-,-,-
    [4,1]->[-9,W],-,-,-
    [4,2]->[-5,Y],[0,E],-,-
    [4,3]->[9,P],-,-,-
    [4,4]->[8,P],-,-,-
    [4,5]->-,-,-,-
    [5,1]->[10,P],[-10,Y],-,-
    [5,2]->-,-,-,-
    [5,3]->[-11,W],-,-,-
    [5,4]->-,-,-,-
    [5,5]->-,-,-,-
  Descriptions:
    [-11,W]->
    [-10,Y]->Luminosity:2
    [-9,W]->
    [-8,Y]->Luminosity:2
    [-7,W]->
    [-6,*]->Luminosity:5
    [-5,Y]->Luminosity:2
    [-4,W]->
    [-3,*]->Luminosity:5
    [-2,W]->
    [-1,O]->
    [0,E]->fuel:3/3, life:3/3, landed?:F
    [1,P]->attached?:F, support_life?:F, visited?:F, turns_left:0
    [2,P]->attached?:F, support_life?:F, visited?:F, turns_left:2
    [3,P]->attached?:F, support_life?:F, visited?:F, turns_left:0
    [4,P]->attached?:T, support_life?:F, visited?:F, turns_left:N/A
    [5,P]->attached?:F, support_life?:F, visited?:F, turns_left:0
    [6,P]->attached?:T, support_life?:F, visited?:F, turns_left:N/A
    [7,P]->attached?:F, support_life?:F, visited?:F, turns_left:2
    [8,P]->attached?:F, support_life?:F, visited?:F, turns_left:1
    [9,P]->attached?:F, support_life?:F, visited?:F, turns_left:0
    [10,P]->attached?:T, support_life?:T, visited?:F, turns_left:N/A
    [11,P]->attached?:F, support_life?:F, visited?:F, turns_left:1
  Deaths This Turn:none
    (1:1)  (1:2)  (1:3)  (1:4)  (1:5)  
    ----   P*P-   ----   P---   -W--   
    (2:1)  (2:2)  (2:3)  (2:4)  (2:5)  
    PW--   ----   ----   Y---   PP--   
    (3:1)  (3:2)  (3:3)  (3:4)  (3:5)  
    ----   P*--   O---   -W--   P---   
    (4:1)  (4:2)  (4:3)  (4:4)  (4:5)  
    W---   YE--   P---   P---   ----   
    (5:1)  (5:2)  (5:3)  (5:4)  (5:5)  
    PY--   ----   W---   ----   ----   
->move(SW)
  state:9.0, mode:test, ok
  Movement:
    [0,E]:[4,2,2]->[5,1,3]
    [3,P]:[2,1,1]->[1,1,1]
    [5,P]:[2,5,1]->[3,5,2]
    [9,P]:[4,3,1]->[5,3,2]
  Sectors:
    [1,1]->[3,P],-,-,-
    [1,2]->[1,P],[-6,*],[4,P],-
    [1,3]->-,-,-,-
    [1,4]->[11,P],-,-,-
    [1,5]->-,[-4,W],-,-
    [2,1]->-,[-7,W],-,-
    [2,2]->-,-,-,-
    [2,3]->-,-,-,-
    [2,4]->[-8,Y],-,-,-
    [2,5]->-,[2,P],-,-
    [3,1]->-,-,-,-
    [3,2]->[6,P],[-3,*],-,-
    [3,3]->[-1,O],-,-,-
    [3,4]->-,[-2,W],-,-
    [3,5]->[7,P],[5,P],-,-
    [4,1]->[-9,W],-,-,-
    [4,2]->[-5,Y],-,-,-
    [4,3]->-,-,-,-
    [4,4]->[8,P],-,-,-
    [4,5]->-,-,-,-
    [5,1]->[10,P],[-10,Y],[0,E],-
    [5,2]->-,-,-,-
    [5,3]->[-11,W],[9,P],-,-
    [5,4]->-,-,-,-
    [5,5]->-,-,-,-
  Descriptions:
    [-11,W]->
    [-10,Y]->Luminosity:2
    [-9,W]->
    [-8,Y]->Luminosity:2
    [-7,W]->
    [-6,*]->Luminosity:5
    [-5,Y]->Luminosity:2
    [-4,W]->
    [-3,*]->Luminosity:5
    [-2,W]->
    [-1,O]->
    [0,E]->fuel:3/3, life:3/3, landed?:F
    [1,P]->attached?:T, support_life?:F, visited?:F, turns_left:N/A
    [2,P]->attached?:F, support_life?:F, visited?:F, turns_left:1
    [3,P]->attached?:F, support_life?:F, visited?:F, turns_left:2
    [4,P]->attached?:T, support_life?:F, visited?:F, turns_left:N/A
    [5,P]->attached?:F, support_life?:F, visited?:F, turns_left:0
    [6,P]->attached?:T, support_life?:F, visited?:F, turns_left:N/A
    [7,P]->attached?:F, support_life?:F, visited?:F, turns_left:1
    [8,P]->attached?:F, support_life?:F, visited?:F, turns_left:0
    [9,P]->attached?:F, support_life?:F, visited?:F, turns_left:2
    [10,P]->attached?:T, support_life?:T, visited?:F, turns_left:N/A
    [11,P]->attached?:F, support_life?:F, visited?:F, turns_left:0
  Deaths This Turn:none
    (1:1)  (1:2)  (1:3)  (1:4)  (1:5)  
    P---   P*P-   ----   P---   -W--   
    (2:1)  (2:2)  (2:3)  (2:4)  (2:5)  
    -W--   ----   ----   Y---   -P--   
    (3:1)  (3:2)  (3:3)  (3:4)  (3:5)  
    ----   P*--   O---   -W--   PP--   
    (4:1)  (4:2)  (4:3)  (4:4)  (4:5)  
    W---   Y---   ----   P---   ----   
    (5:1)  (5:2)  (5:3)  (5:4)  (5:5)  
    PYE-   ----   WP--   ----   ----   
->land
  state:10.0, mode:test, ok
  Tranquility base here - we've got a life!
