  state:0.0, ok
  Welcome! Try test(1,1,1,1,30)
->test(1,1,1,1,40)
  state:1.0, mode:test, ok
  Movement:none
  Sectors:
    [1,1]->[0,E],-,-,-
    [1,2]->[1,P],[-4,*],-,-
    [1,3]->[2,P],-,-,-
    [1,4]->-,-,-,-
    [1,5]->[3,P],[4,P],-,-
    [2,1]->-,-,-,-
    [2,2]->[-10,*],-,-,-
    [2,3]->[5,P],-,-,-
    [2,4]->[6,P],[7,P],[-11,W],-
    [2,5]->[8,P],[9,P],-,-
    [3,1]->[10,P],[-2,Y],-,-
    [3,2]->[11,P],[-7,*],-,-
    [3,3]->[-1,O],-,-,-
    [3,4]->[12,P],-,-,-
    [3,5]->[13,P],-,-,-
    [4,1]->[14,P],-,-,-
    [4,2]->[-3,*],-,-,-
    [4,3]->[15,P],[16,P],-,-
    [4,4]->-,-,-,-
    [4,5]->[-8,W],-,-,-
    [5,1]->[-6,Y],-,-,-
    [5,2]->[17,P],-,-,-
    [5,3]->[-9,Y],-,-,-
    [5,4]->[18,P],[19,P],[20,P],-
    [5,5]->[-5,W],-,-,-
  Descriptions:
    [-11,W]->
    [-10,*]->Luminosity:5
    [-9,Y]->Luminosity:2
    [-8,W]->
    [-7,*]->Luminosity:5
    [-6,Y]->Luminosity:2
    [-5,W]->
    [-4,*]->Luminosity:5
    [-3,*]->Luminosity:5
    [-2,Y]->Luminosity:2
    [-1,O]->
    [0,E]->fuel:3/3, life:3/3, landed?:F
    [1,P]->attached?:F, support_life?:F, visited?:F, turns_left:1
    [2,P]->attached?:F, support_life?:F, visited?:F, turns_left:1
    [3,P]->attached?:F, support_life?:F, visited?:F, turns_left:2
    [4,P]->attached?:F, support_life?:F, visited?:F, turns_left:0
    [5,P]->attached?:F, support_life?:F, visited?:F, turns_left:0
    [6,P]->attached?:F, support_life?:F, visited?:F, turns_left:2
    [7,P]->attached?:F, support_life?:F, visited?:F, turns_left:2
    [8,P]->attached?:F, support_life?:F, visited?:F, turns_left:1
    [9,P]->attached?:F, support_life?:F, visited?:F, turns_left:1
    [10,P]->attached?:F, support_life?:F, visited?:F, turns_left:2
    [11,P]->attached?:F, support_life?:F, visited?:F, turns_left:2
    [12,P]->attached?:F, support_life?:F, visited?:F, turns_left:2
    [13,P]->attached?:F, support_life?:F, visited?:F, turns_left:0
    [14,P]->attached?:F, support_life?:F, visited?:F, turns_left:1
    [15,P]->attached?:F, support_life?:F, visited?:F, turns_left:1
    [16,P]->attached?:F, support_life?:F, visited?:F, turns_left:1
    [17,P]->attached?:F, support_life?:F, visited?:F, turns_left:2
    [18,P]->attached?:F, support_life?:F, visited?:F, turns_left:2
    [19,P]->attached?:F, support_life?:F, visited?:F, turns_left:1
    [20,P]->attached?:F, support_life?:F, visited?:F, turns_left:2
  Deaths This Turn:none
    (1:1)  (1:2)  (1:3)  (1:4)  (1:5)  
    E---   P*--   P---   ----   PP--   
    (2:1)  (2:2)  (2:3)  (2:4)  (2:5)  
    ----   *---   P---   PPW-   PP--   
    (3:1)  (3:2)  (3:3)  (3:4)  (3:5)  
    PY--   P*--   O---   P---   P---   
    (4:1)  (4:2)  (4:3)  (4:4)  (4:5)  
    P---   *---   PP--   ----   W---   
    (5:1)  (5:2)  (5:3)  (5:4)  (5:5)  
    Y---   P---   Y---   PPP-   W---   
->land
  state:1.1, mode:test, error
  Negative on that request:no yellow dwarf at Sector:1:1
->move(E)
  state:2.0, mode:test, ok
  Movement:
    [0,E]:[1,1,1]->[1,2,3]
    [4,P]:[1,5,2]->[1,1,1]
    [5,P]:[2,3,1]->[3,3,2]
    [13,P]:[3,5,1]->[3,4,2]
  Sectors:
    [1,1]->[4,P],-,-,-
    [1,2]->[1,P],[-4,*],[0,E],-
    [1,3]->[2,P],-,-,-
    [1,4]->-,-,-,-
    [1,5]->[3,P],-,-,-
    [2,1]->-,-,-,-
    [2,2]->[-10,*],-,-,-
    [2,3]->-,-,-,-
    [2,4]->[6,P],[7,P],[-11,W],-
    [2,5]->[8,P],[9,P],-,-
    [3,1]->[10,P],[-2,Y],-,-
    [3,2]->[11,P],[-7,*],-,-
    [3,3]->[-1,O],-,-,-
    [3,4]->[12,P],[13,P],-,-
    [3,5]->-,-,-,-
    [4,1]->[14,P],-,-,-
    [4,2]->[-3,*],-,-,-
    [4,3]->[15,P],[16,P],-,-
    [4,4]->-,-,-,-
    [4,5]->[-8,W],-,-,-
    [5,1]->[-6,Y],-,-,-
    [5,2]->[17,P],-,-,-
    [5,3]->[-9,Y],-,-,-
    [5,4]->[18,P],[19,P],[20,P],-
    [5,5]->[-5,W],-,-,-
  Descriptions:
    [-11,W]->
    [-10,*]->Luminosity:5
    [-9,Y]->Luminosity:2
    [-8,W]->
    [-7,*]->Luminosity:5
    [-6,Y]->Luminosity:2
    [-5,W]->
    [-4,*]->Luminosity:5
    [-3,*]->Luminosity:5
    [-2,Y]->Luminosity:2
    [-1,O]->
    [0,E]->fuel:3/3, life:3/3, landed?:F
    [1,P]->attached?:F, support_life?:F, visited?:F, turns_left:0
    [2,P]->attached?:F, support_life?:F, visited?:F, turns_left:0
    [3,P]->attached?:F, support_life?:F, visited?:F, turns_left:1
    [4,P]->attached?:F, support_life?:F, visited?:F, turns_left:0
    [6,P]->attached?:F, support_life?:F, visited?:F, turns_left:1
    [7,P]->attached?:F, support_life?:F, visited?:F, turns_left:1
    [8,P]->attached?:F, support_life?:F, visited?:F, turns_left:0
    [9,P]->attached?:F, support_life?:F, visited?:F, turns_left:0
    [10,P]->attached?:F, support_life?:F, visited?:F, turns_left:1
    [11,P]->attached?:F, support_life?:F, visited?:F, turns_left:1
    [12,P]->attached?:F, support_life?:F, visited?:F, turns_left:1
    [13,P]->attached?:F, support_life?:F, visited?:F, turns_left:2
    [14,P]->attached?:F, support_life?:F, visited?:F, turns_left:0
    [15,P]->attached?:F, support_life?:F, visited?:F, turns_left:0
    [16,P]->attached?:F, support_life?:F, visited?:F, turns_left:0
    [17,P]->attached?:F, support_life?:F, visited?:F, turns_left:1
    [18,P]->attached?:F, support_life?:F, visited?:F, turns_left:1
    [19,P]->attached?:F, support_life?:F, visited?:F, turns_left:0
    [20,P]->attached?:F, support_life?:F, visited?:F, turns_left:1
  Deaths This Turn:
    [5,P]->attached?:F, support_life?:F, visited?:F, turns_left:N/A,
      Planet got devoured by blackhole (id: -1) at Sector:3:3
    (1:1)  (1:2)  (1:3)  (1:4)  (1:5)  
    P---   P*E-   P---   ----   P---   
    (2:1)  (2:2)  (2:3)  (2:4)  (2:5)  
    ----   *---   ----   PPW-   PP--   
    (3:1)  (3:2)  (3:3)  (3:4)  (3:5)  
    PY--   P*--   O---   PP--   ----   
    (4:1)  (4:2)  (4:3)  (4:4)  (4:5)  
    P---   *---   PP--   ----   W---   
    (5:1)  (5:2)  (5:3)  (5:4)  (5:5)  
    Y---   P---   Y---   PPP-   W---   
->land
  state:2.1, mode:test, error
  Negative on that request:no yellow dwarf at Sector:1:2
->move(S)
  state:3.0, mode:test, ok
  Movement:
    [0,E]:[1,2,3]->[2,2,2]
    [2,P]:[1,3,1]->[5,2,2]
    [4,P]:[1,1,1]->[2,5,3]
    [8,P]:[2,5,1]->[2,4,4]
    [9,P]:[2,5,2]->[3,4,3]
    [14,P]:[4,1,1]->[3,1,3]
    [15,P]:[4,3,1]->[5,3,2]
    [16,P]:[4,3,2]->[5,2,3]
    [19,P]:[5,4,2]->[4,3,1]
  Sectors:
    [1,1]->-,-,-,-
    [1,2]->[1,P],[-4,*],-,-
    [1,3]->-,-,-,-
    [1,4]->-,-,-,-
    [1,5]->[3,P],-,-,-
    [2,1]->-,-,-,-
    [2,2]->[-10,*],[0,E],-,-
    [2,3]->-,-,-,-
    [2,4]->[6,P],[7,P],[-11,W],[8,P]
    [2,5]->-,-,[4,P],-
    [3,1]->[10,P],[-2,Y],[14,P],-
    [3,2]->[11,P],[-7,*],-,-
    [3,3]->[-1,O],-,-,-
    [3,4]->[12,P],[13,P],[9,P],-
    [3,5]->-,-,-,-
    [4,1]->-,-,-,-
    [4,2]->[-3,*],-,-,-
    [4,3]->[19,P],-,-,-
    [4,4]->-,-,-,-
    [4,5]->[-8,W],-,-,-
    [5,1]->[-6,Y],-,-,-
    [5,2]->[17,P],[2,P],[16,P],-
    [5,3]->[-9,Y],[15,P],-,-
    [5,4]->[18,P],-,[20,P],-
    [5,5]->[-5,W],-,-,-
  Descriptions:
    [-11,W]->
    [-10,*]->Luminosity:5
    [-9,Y]->Luminosity:2
    [-8,W]->
    [-7,*]->Luminosity:5
    [-6,Y]->Luminosity:2
    [-5,W]->
    [-4,*]->Luminosity:5
    [-3,*]->Luminosity:5
    [-2,Y]->Luminosity:2
    [-1,O]->
    [0,E]->fuel:3/3, life:3/3, landed?:F
    [1,P]->attached?:T, support_life?:F, visited?:F, turns_left:N/A
    [2,P]->attached?:F, support_life?:F, visited?:F, turns_left:0
    [3,P]->attached?:F, support_life?:F, visited?:F, turns_left:0
    [4,P]->attached?:F, support_life?:F, visited?:F, turns_left:0
    [6,P]->attached?:F, support_life?:F, visited?:F, turns_left:0
    [7,P]->attached?:F, support_life?:F, visited?:F, turns_left:0
    [8,P]->attached?:F, support_life?:F, visited?:F, turns_left:0
    [9,P]->attached?:F, support_life?:F, visited?:F, turns_left:1
    [10,P]->attached?:F, support_life?:F, visited?:F, turns_left:0
    [11,P]->attached?:F, support_life?:F, visited?:F, turns_left:0
    [12,P]->attached?:F, support_life?:F, visited?:F, turns_left:0
    [13,P]->attached?:F, support_life?:F, visited?:F, turns_left:1
    [14,P]->attached?:T, support_life?:T, visited?:F, turns_left:N/A
    [15,P]->attached?:T, support_life?:F, visited?:F, turns_left:N/A
    [16,P]->attached?:F, support_life?:F, visited?:F, turns_left:0
    [17,P]->attached?:F, support_life?:F, visited?:F, turns_left:0
    [18,P]->attached?:F, support_life?:F, visited?:F, turns_left:0
    [19,P]->attached?:F, support_life?:F, visited?:F, turns_left:1
    [20,P]->attached?:F, support_life?:F, visited?:F, turns_left:0
  Deaths This Turn:none
    (1:1)  (1:2)  (1:3)  (1:4)  (1:5)  
    ----   P*--   ----   ----   P---   
    (2:1)  (2:2)  (2:3)  (2:4)  (2:5)  
    ----   *E--   ----   PPWP   --P-   
    (3:1)  (3:2)  (3:3)  (3:4)  (3:5)  
    PYP-   P*--   O---   PPP-   ----   
    (4:1)  (4:2)  (4:3)  (4:4)  (4:5)  
    ----   *---   P---   ----   W---   
    (5:1)  (5:2)  (5:3)  (5:4)  (5:5)  
    Y---   PPP-   YP--   P-P-   W---   
->move(S)
  state:4.0, mode:test, ok
  Movement:
    [0,E]:[2,2,2]->[3,2,3]
    [2,P]:[5,2,2]->[4,3,2]
    [3,P]:[1,5,1]->[5,4,2]
    [4,P]:[2,5,3]->[1,5,1]
    [6,P]:[2,4,1]->[1,3,1]
    [7,P]:[2,4,2]->[1,4,1]
    [8,P]:[2,4,4]->[1,3,2]
    [12,P]:[3,4,1]->[3,3,2]
    [16,P]:[5,2,3]->[5,3,3]
    [17,P]:[5,2,1]->[5,3,4]
    [18,P]:[5,4,1]->[1,4,2]
    [20,P]:[5,4,3]
  Sectors:
    [1,1]->-,-,-,-
    [1,2]->[1,P],[-4,*],-,-
    [1,3]->[6,P],[8,P],-,-
    [1,4]->[7,P],[18,P],-,-
    [1,5]->[4,P],-,-,-
    [2,1]->-,-,-,-
    [2,2]->[-10,*],-,-,-
    [2,3]->-,-,-,-
    [2,4]->-,-,[-11,W],-
    [2,5]->-,-,-,-
    [3,1]->[10,P],[-2,Y],[14,P],-
    [3,2]->[11,P],[-7,*],[0,E],-
    [3,3]->[-1,O],-,-,-
    [3,4]->-,[13,P],[9,P],-
    [3,5]->-,-,-,-
    [4,1]->-,-,-,-
    [4,2]->[-3,*],-,-,-
    [4,3]->[19,P],[2,P],-,-
    [4,4]->-,-,-,-
    [4,5]->[-8,W],-,-,-
    [5,1]->[-6,Y],-,-,-
    [5,2]->-,-,-,-
    [5,3]->[-9,Y],[15,P],[16,P],[17,P]
    [5,4]->-,[3,P],[20,P],-
    [5,5]->[-5,W],-,-,-
  Descriptions:
    [-11,W]->
    [-10,*]->Luminosity:5
    [-9,Y]->Luminosity:2
    [-8,W]->
    [-7,*]->Luminosity:5
    [-6,Y]->Luminosity:2
    [-5,W]->
    [-4,*]->Luminosity:5
    [-3,*]->Luminosity:5
    [-2,Y]->Luminosity:2
    [-1,O]->
    [0,E]->fuel:3/3, life:3/3, landed?:F
    [1,P]->attached?:T, support_life?:F, visited?:F, turns_left:N/A
    [2,P]->attached?:F, support_life?:F, visited?:F, turns_left:1
    [3,P]->attached?:F, support_life?:F, visited?:F, turns_left:2
    [4,P]->attached?:F, support_life?:F, visited?:F, turns_left:2
    [6,P]->attached?:F, support_life?:F, visited?:F, turns_left:0
    [7,P]->attached?:F, support_life?:F, visited?:F, turns_left:1
    [8,P]->attached?:F, support_life?:F, visited?:F, turns_left:1
    [9,P]->attached?:F, support_life?:F, visited?:F, turns_left:0
    [10,P]->attached?:T, support_life?:F, visited?:F, turns_left:N/A
    [11,P]->attached?:T, support_life?:F, visited?:F, turns_left:N/A
    [13,P]->attached?:F, support_life?:F, visited?:F, turns_left:0
    [14,P]->attached?:T, support_life?:T, visited?:F, turns_left:N/A
    [15,P]->attached?:T, support_life?:F, visited?:F, turns_left:N/A
    [16,P]->attached?:T, support_life?:T, visited?:F, turns_left:N/A
    [17,P]->attached?:T, support_life?:T, visited?:F, turns_left:N/A
    [18,P]->attached?:F, support_life?:F, visited?:F, turns_left:1
    [19,P]->attached?:F, support_life?:F, visited?:F, turns_left:0
    [20,P]->attached?:F, support_life?:F, visited?:F, turns_left:2
  Deaths This Turn:
    [12,P]->attached?:F, support_life?:F, visited?:F, turns_left:N/A,
      Planet got devoured by blackhole (id: -1) at Sector:3:3
    (1:1)  (1:2)  (1:3)  (1:4)  (1:5)  
    ----   P*--   PP--   PP--   P---   
    (2:1)  (2:2)  (2:3)  (2:4)  (2:5)  
    ----   *---   ----   --W-   ----   
    (3:1)  (3:2)  (3:3)  (3:4)  (3:5)  
    PYP-   P*E-   O---   -PP-   ----   
    (4:1)  (4:2)  (4:3)  (4:4)  (4:5)  
    ----   *---   PP--   ----   W---   
    (5:1)  (5:2)  (5:3)  (5:4)  (5:5)  
    Y---   ----   YPPP   -PP-   W---   
->move(W)
  state:5.0, mode:test, ok
  Movement:
    [0,E]:[3,2,3]->[3,1,4]
    [6,P]:[1,3,1]->[2,4,1]
    [9,P]:[3,4,3]->[2,3,1]
    [13,P]:[3,4,2]->[2,5,1]
    [19,P]:[4,3,1]->[5,2,1]
  Sectors:
    [1,1]->-,-,-,-
    [1,2]->[1,P],[-4,*],-,-
    [1,3]->-,[8,P],-,-
    [1,4]->[7,P],[18,P],-,-
    [1,5]->[4,P],-,-,-
    [2,1]->-,-,-,-
    [2,2]->[-10,*],-,-,-
    [2,3]->[9,P],-,-,-
    [2,4]->[6,P],-,[-11,W],-
    [2,5]->[13,P],-,-,-
    [3,1]->[10,P],[-2,Y],[14,P],[0,E]
    [3,2]->[11,P],[-7,*],-,-
    [3,3]->[-1,O],-,-,-
    [3,4]->-,-,-,-
    [3,5]->-,-,-,-
    [4,1]->-,-,-,-
    [4,2]->[-3,*],-,-,-
    [4,3]->-,[2,P],-,-
    [4,4]->-,-,-,-
    [4,5]->[-8,W],-,-,-
    [5,1]->[-6,Y],-,-,-
    [5,2]->[19,P],-,-,-
    [5,3]->[-9,Y],[15,P],[16,P],[17,P]
    [5,4]->-,[3,P],[20,P],-
    [5,5]->[-5,W],-,-,-
  Descriptions:
    [-11,W]->
    [-10,*]->Luminosity:5
    [-9,Y]->Luminosity:2
    [-8,W]->
    [-7,*]->Luminosity:5
    [-6,Y]->Luminosity:2
    [-5,W]->
    [-4,*]->Luminosity:5
    [-3,*]->Luminosity:5
    [-2,Y]->Luminosity:2
    [-1,O]->
    [0,E]->fuel:3/3, life:3/3, landed?:F
    [1,P]->attached?:T, support_life?:F, visited?:F, turns_left:N/A
    [2,P]->attached?:F, support_life?:F, visited?:F, turns_left:0
    [3,P]->attached?:F, support_life?:F, visited?:F, turns_left:1
    [4,P]->attached?:F, support_life?:F, visited?:F, turns_left:1
    [6,P]->attached?:F, support_life?:F, visited?:F, turns_left:1
    [7,P]->attached?:F, support_life?:F, visited?:F, turns_left:0
    [8,P]->attached?:F, support_life?:F, visited?:F, turns_left:0
    [9,P]->attached?:F, support_life?:F, visited?:F, turns_left:0
    [10,P]->attached?:T, support_life?:F, visited?:F, turns_left:N/A
    [11,P]->attached?:T, support_life?:F, visited?:F, turns_left:N/A
    [13,P]->attached?:F, support_life?:F, visited?:F, turns_left:2
    [14,P]->attached?:T, support_life?:T, visited?:F, turns_left:N/A
    [15,P]->attached?:T, support_life?:F, visited?:F, turns_left:N/A
    [16,P]->attached?:T, support_life?:T, visited?:F, turns_left:N/A
    [17,P]->attached?:T, support_life?:T, visited?:F, turns_left:N/A
    [18,P]->attached?:F, support_life?:F, visited?:F, turns_left:0
    [19,P]->attached?:F, support_life?:F, visited?:F, turns_left:2
    [20,P]->attached?:F, support_life?:F, visited?:F, turns_left:1
  Deaths This Turn:none
    (1:1)  (1:2)  (1:3)  (1:4)  (1:5)  
    ----   P*--   -P--   PP--   P---   
    (2:1)  (2:2)  (2:3)  (2:4)  (2:5)  
    ----   *---   P---   P-W-   P---   
    (3:1)  (3:2)  (3:3)  (3:4)  (3:5)  
    PYPE   P*--   O---   ----   ----   
    (4:1)  (4:2)  (4:3)  (4:4)  (4:5)  
    ----   *---   -P--   ----   W---   
    (5:1)  (5:2)  (5:3)  (5:4)  (5:5)  
    Y---   P---   YPPP   -PP-   W---   
->land
  state:6.0, mode:test, ok
  Explorer found no life as we know it at Sector:3:1
  Movement:
    [2,P]:[4,3,2]->[3,4,1]
    [7,P]:[1,4,1]->[5,4,1]
    [8,P]:[1,3,2]->[2,2,2]
    [9,P]:[2,3,1]->[3,3,2]
    [18,P]:[1,4,2]->[2,3,1]
  Sectors:
    [1,1]->-,-,-,-
    [1,2]->[1,P],[-4,*],-,-
    [1,3]->-,-,-,-
    [1,4]->-,-,-,-
    [1,5]->[4,P],-,-,-
    [2,1]->-,-,-,-
    [2,2]->[-10,*],[8,P],-,-
    [2,3]->[18,P],-,-,-
    [2,4]->[6,P],-,[-11,W],-
    [2,5]->[13,P],-,-,-
    [3,1]->[10,P],[-2,Y],[14,P],[0,E]
    [3,2]->[11,P],[-7,*],-,-
    [3,3]->[-1,O],-,-,-
    [3,4]->[2,P],-,-,-
    [3,5]->-,-,-,-
    [4,1]->-,-,-,-
    [4,2]->[-3,*],-,-,-
    [4,3]->-,-,-,-
    [4,4]->-,-,-,-
    [4,5]->[-8,W],-,-,-
    [5,1]->[-6,Y],-,-,-
    [5,2]->[19,P],-,-,-
    [5,3]->[-9,Y],[15,P],[16,P],[17,P]
    [5,4]->[7,P],[3,P],[20,P],-
    [5,5]->[-5,W],-,-,-
  Descriptions:
    [-11,W]->
    [-10,*]->Luminosity:5
    [-9,Y]->Luminosity:2
    [-8,W]->
    [-7,*]->Luminosity:5
    [-6,Y]->Luminosity:2
    [-5,W]->
    [-4,*]->Luminosity:5
    [-3,*]->Luminosity:5
    [-2,Y]->Luminosity:2
    [-1,O]->
    [0,E]->fuel:3/3, life:3/3, landed?:T
    [1,P]->attached?:T, support_life?:F, visited?:F, turns_left:N/A
    [2,P]->attached?:F, support_life?:F, visited?:F, turns_left:0
    [3,P]->attached?:F, support_life?:F, visited?:F, turns_left:0
    [4,P]->attached?:F, support_life?:F, visited?:F, turns_left:0
    [6,P]->attached?:F, support_life?:F, visited?:F, turns_left:0
    [7,P]->attached?:F, support_life?:F, visited?:F, turns_left:1
    [8,P]->attached?:T, support_life?:F, visited?:F, turns_left:N/A
    [10,P]->attached?:T, support_life?:F, visited?:T, turns_left:N/A
    [11,P]->attached?:T, support_life?:F, visited?:F, turns_left:N/A
    [13,P]->attached?:F, support_life?:F, visited?:F, turns_left:1
    [14,P]->attached?:T, support_life?:T, visited?:F, turns_left:N/A
    [15,P]->attached?:T, support_life?:F, visited?:F, turns_left:N/A
    [16,P]->attached?:T, support_life?:T, visited?:F, turns_left:N/A
    [17,P]->attached?:T, support_life?:T, visited?:F, turns_left:N/A
    [18,P]->attached?:F, support_life?:F, visited?:F, turns_left:1
    [19,P]->attached?:F, support_life?:F, visited?:F, turns_left:1
    [20,P]->attached?:F, support_life?:F, visited?:F, turns_left:0
  Deaths This Turn:
    [9,P]->attached?:F, support_life?:F, visited?:F, turns_left:N/A,
      Planet got devoured by blackhole (id: -1) at Sector:3:3
    (1:1)  (1:2)  (1:3)  (1:4)  (1:5)  
    ----   P*--   ----   ----   P---   
    (2:1)  (2:2)  (2:3)  (2:4)  (2:5)  
    ----   *P--   P---   P-W-   P---   
    (3:1)  (3:2)  (3:3)  (3:4)  (3:5)  
    PYPE   P*--   O---   P---   ----   
    (4:1)  (4:2)  (4:3)  (4:4)  (4:5)  
    ----   *---   ----   ----   W---   
    (5:1)  (5:2)  (5:3)  (5:4)  (5:5)  
    Y---   P---   YPPP   PPP-   W---   
->land
  state:6.1, mode:test, error
  Negative on that request:already landed on a planet at Sector:3:1
->land
  state:6.2, mode:test, error
  Negative on that request:already landed on a planet at Sector:3:1
->liftoff
  state:7.0, mode:test, ok
  Explorer has lifted off from planet at Sector:3:1
  Movement:
    [2,P]:[3,4,1]->[4,5,2]
    [3,P]:[5,4,2]->[5,5,2]
    [4,P]:[1,5,1]->[2,4,2]
    [6,P]:[2,4,1]->[2,3,2]
    [20,P]:[5,4,3]
  Sectors:
    [1,1]->-,-,-,-
    [1,2]->[1,P],[-4,*],-,-
    [1,3]->-,-,-,-
    [1,4]->-,-,-,-
    [1,5]->-,-,-,-
    [2,1]->-,-,-,-
    [2,2]->[-10,*],[8,P],-,-
    [2,3]->[18,P],[6,P],-,-
    [2,4]->-,[4,P],[-11,W],-
    [2,5]->[13,P],-,-,-
    [3,1]->[10,P],[-2,Y],[14,P],[0,E]
    [3,2]->[11,P],[-7,*],-,-
    [3,3]->[-1,O],-,-,-
    [3,4]->-,-,-,-
    [3,5]->-,-,-,-
    [4,1]->-,-,-,-
    [4,2]->[-3,*],-,-,-
    [4,3]->-,-,-,-
    [4,4]->-,-,-,-
    [4,5]->[-8,W],[2,P],-,-
    [5,1]->[-6,Y],-,-,-
    [5,2]->[19,P],-,-,-
    [5,3]->[-9,Y],[15,P],[16,P],[17,P]
    [5,4]->[7,P],-,[20,P],-
    [5,5]->[-5,W],[3,P],-,-
  Descriptions:
    [-11,W]->
    [-10,*]->Luminosity:5
    [-9,Y]->Luminosity:2
    [-8,W]->
    [-7,*]->Luminosity:5
    [-6,Y]->Luminosity:2
    [-5,W]->
    [-4,*]->Luminosity:5
    [-3,*]->Luminosity:5
    [-2,Y]->Luminosity:2
    [-1,O]->
    [0,E]->fuel:3/3, life:3/3, landed?:F
    [1,P]->attached?:T, support_life?:F, visited?:F, turns_left:N/A
    [2,P]->attached?:F, support_life?:F, visited?:F, turns_left:1
    [3,P]->attached?:F, support_life?:F, visited?:F, turns_left:2
    [4,P]->attached?:F, support_life?:F, visited?:F, turns_left:1
    [6,P]->attached?:F, support_life?:F, visited?:F, turns_left:0
    [7,P]->attached?:F, support_life?:F, visited?:F, turns_left:0
    [8,P]->attached?:T, support_life?:F, visited?:F, turns_left:N/A
    [10,P]->attached?:T, support_life?:F, visited?:T, turns_left:N/A
    [11,P]->attached?:T, support_life?:F, visited?:F, turns_left:N/A
    [13,P]->attached?:F, support_life?:F, visited?:F, turns_left:0
    [14,P]->attached?:T, support_life?:T, visited?:F, turns_left:N/A
    [15,P]->attached?:T, support_life?:F, visited?:F, turns_left:N/A
    [16,P]->attached?:T, support_life?:T, visited?:F, turns_left:N/A
    [17,P]->attached?:T, support_life?:T, visited?:F, turns_left:N/A
    [18,P]->attached?:F, support_life?:F, visited?:F, turns_left:0
    [19,P]->attached?:F, support_life?:F, visited?:F, turns_left:0
    [20,P]->attached?:F, support_life?:F, visited?:F, turns_left:2
  Deaths This Turn:none
    (1:1)  (1:2)  (1:3)  (1:4)  (1:5)  
    ----   P*--   ----   ----   ----   
    (2:1)  (2:2)  (2:3)  (2:4)  (2:5)  
    ----   *P--   PP--   -PW-   P---   
    (3:1)  (3:2)  (3:3)  (3:4)  (3:5)  
    PYPE   P*--   O---   ----   ----   
    (4:1)  (4:2)  (4:3)  (4:4)  (4:5)  
    ----   *---   ----   ----   WP--   
    (5:1)  (5:2)  (5:3)  (5:4)  (5:5)  
    Y---   P---   YPPP   P-P-   WP--   
->move(S)
  state:8.0, mode:test, ok
  Movement:
    [0,E]:[3,1,4]->[4,1,1]
    [6,P]:[2,3,2]->[1,2,3]
    [7,P]:[5,4,1]->[4,4,1]
    [13,P]:[2,5,1]->[3,5,1]
    [18,P]:[2,3,1]->[1,3,1]
    [19,P]:[5,2,1]->[4,1,2]
  Sectors:
    [1,1]->-,-,-,-
    [1,2]->[1,P],[-4,*],[6,P],-
    [1,3]->[18,P],-,-,-
    [1,4]->-,-,-,-
    [1,5]->-,-,-,-
    [2,1]->-,-,-,-
    [2,2]->[-10,*],[8,P],-,-
    [2,3]->-,-,-,-
    [2,4]->-,[4,P],[-11,W],-
    [2,5]->-,-,-,-
    [3,1]->[10,P],[-2,Y],[14,P],-
    [3,2]->[11,P],[-7,*],-,-
    [3,3]->[-1,O],-,-,-
    [3,4]->-,-,-,-
    [3,5]->[13,P],-,-,-
    [4,1]->[0,E],[19,P],-,-
    [4,2]->[-3,*],-,-,-
    [4,3]->-,-,-,-
    [4,4]->[7,P],-,-,-
    [4,5]->[-8,W],[2,P],-,-
    [5,1]->[-6,Y],-,-,-
    [5,2]->-,-,-,-
    [5,3]->[-9,Y],[15,P],[16,P],[17,P]
    [5,4]->-,-,[20,P],-
    [5,5]->[-5,W],[3,P],-,-
  Descriptions:
    [-11,W]->
    [-10,*]->Luminosity:5
    [-9,Y]->Luminosity:2
    [-8,W]->
    [-7,*]->Luminosity:5
    [-6,Y]->Luminosity:2
    [-5,W]->
    [-4,*]->Luminosity:5
    [-3,*]->Luminosity:5
    [-2,Y]->Luminosity:2
    [-1,O]->
    [0,E]->fuel:2/3, life:3/3, landed?:F
    [1,P]->attached?:T, support_life?:F, visited?:F, turns_left:N/A
    [2,P]->attached?:F, support_life?:F, visited?:F, turns_left:0
    [3,P]->attached?:F, support_life?:F, visited?:F, turns_left:1
    [4,P]->attached?:F, support_life?:F, visited?:F, turns_left:0
    [6,P]->attached?:T, support_life?:F, visited?:F, turns_left:N/A
    [7,P]->attached?:F, support_life?:F, visited?:F, turns_left:0
    [8,P]->attached?:T, support_life?:F, visited?:F, turns_left:N/A
    [10,P]->attached?:T, support_life?:F, visited?:T, turns_left:N/A
    [11,P]->attached?:T, support_life?:F, visited?:F, turns_left:N/A
    [13,P]->attached?:F, support_life?:F, visited?:F, turns_left:1
    [14,P]->attached?:T, support_life?:T, visited?:F, turns_left:N/A
    [15,P]->attached?:T, support_life?:F, visited?:F, turns_left:N/A
    [16,P]->attached?:T, support_life?:T, visited?:F, turns_left:N/A
    [17,P]->attached?:T, support_life?:T, visited?:F, turns_left:N/A
    [18,P]->attached?:F, support_life?:F, visited?:F, turns_left:1
    [19,P]->attached?:F, support_life?:F, visited?:F, turns_left:2
    [20,P]->attached?:F, support_life?:F, visited?:F, turns_left:1
  Deaths This Turn:none
    (1:1)  (1:2)  (1:3)  (1:4)  (1:5)  
    ----   P*P-   P---   ----   ----   
    (2:1)  (2:2)  (2:3)  (2:4)  (2:5)  
    ----   *P--   ----   -PW-   ----   
    (3:1)  (3:2)  (3:3)  (3:4)  (3:5)  
    PYP-   P*--   O---   ----   P---   
    (4:1)  (4:2)  (4:3)  (4:4)  (4:5)  
    EP--   *---   ----   P---   WP--   
    (5:1)  (5:2)  (5:3)  (5:4)  (5:5)  
    Y---   ----   YPPP   --P-   WP--   
->move(S)
  state:9.0, mode:test, ok
  Movement:
    [0,E]:[4,1,1]->[5,1,2]
    [2,P]:[4,5,2]->[5,5,3]
    [4,P]:[2,4,2]->[1,4,1]
    [7,P]:[4,4,1]->[4,3,1]
  Sectors:
    [1,1]->-,-,-,-
    [1,2]->[1,P],[-4,*],[6,P],-
    [1,3]->[18,P],-,-,-
    [1,4]->[4,P],-,-,-
    [1,5]->-,-,-,-
    [2,1]->-,-,-,-
    [2,2]->[-10,*],[8,P],-,-
    [2,3]->-,-,-,-
    [2,4]->-,-,[-11,W],-
    [2,5]->-,-,-,-
    [3,1]->[10,P],[-2,Y],[14,P],-
    [3,2]->[11,P],[-7,*],-,-
    [3,3]->[-1,O],-,-,-
    [3,4]->-,-,-,-
    [3,5]->[13,P],-,-,-
    [4,1]->-,[19,P],-,-
    [4,2]->[-3,*],-,-,-
    [4,3]->[7,P],-,-,-
    [4,4]->-,-,-,-
    [4,5]->[-8,W],-,-,-
    [5,1]->[-6,Y],[0,E],-,-
    [5,2]->-,-,-,-
    [5,3]->[-9,Y],[15,P],[16,P],[17,P]
    [5,4]->-,-,[20,P],-
    [5,5]->[-5,W],[3,P],[2,P],-
  Descriptions:
    [-11,W]->
    [-10,*]->Luminosity:5
    [-9,Y]->Luminosity:2
    [-8,W]->
    [-7,*]->Luminosity:5
    [-6,Y]->Luminosity:2
    [-5,W]->
    [-4,*]->Luminosity:5
    [-3,*]->Luminosity:5
    [-2,Y]->Luminosity:2
    [-1,O]->
    [0,E]->fuel:3/3, life:3/3, landed?:F
    [1,P]->attached?:T, support_life?:F, visited?:F, turns_left:N/A
    [2,P]->attached?:F, support_life?:F, visited?:F, turns_left:2
    [3,P]->attached?:F, support_life?:F, visited?:F, turns_left:0
    [4,P]->attached?:F, support_life?:F, visited?:F, turns_left:0
    [6,P]->attached?:T, support_life?:F, visited?:F, turns_left:N/A
    [7,P]->attached?:F, support_life?:F, visited?:F, turns_left:1
    [8,P]->attached?:T, support_life?:F, visited?:F, turns_left:N/A
    [10,P]->attached?:T, support_life?:F, visited?:T, turns_left:N/A
    [11,P]->attached?:T, support_life?:F, visited?:F, turns_left:N/A
    [13,P]->attached?:F, support_life?:F, visited?:F, turns_left:0
    [14,P]->attached?:T, support_life?:T, visited?:F, turns_left:N/A
    [15,P]->attached?:T, support_life?:F, visited?:F, turns_left:N/A
    [16,P]->attached?:T, support_life?:T, visited?:F, turns_left:N/A
    [17,P]->attached?:T, support_life?:T, visited?:F, turns_left:N/A
    [18,P]->attached?:F, support_life?:F, visited?:F, turns_left:0
    [19,P]->attached?:F, support_life?:F, visited?:F, turns_left:1
    [20,P]->attached?:F, support_life?:F, visited?:F, turns_left:0
  Deaths This Turn:none
    (1:1)  (1:2)  (1:3)  (1:4)  (1:5)  
    ----   P*P-   P---   P---   ----   
    (2:1)  (2:2)  (2:3)  (2:4)  (2:5)  
    ----   *P--   ----   --W-   ----   
    (3:1)  (3:2)  (3:3)  (3:4)  (3:5)  
    PYP-   P*--   O---   ----   P---   
    (4:1)  (4:2)  (4:3)  (4:4)  (4:5)  
    -P--   *---   P---   ----   W---   
    (5:1)  (5:2)  (5:3)  (5:4)  (5:5)  
    YE--   ----   YPPP   --P-   WPP-   
->land
  state:9.1, mode:test, error
  Negative on that request:no planets at Sector:5:1
->move(N)
  state:10.0, mode:test, ok
  Movement:
    [0,E]:[5,1,2]->[4,1,1]
    [3,P]:[5,5,2]->[4,4,1]
    [4,P]:[1,4,1]->[5,5,2]
    [13,P]:[3,5,1]->[4,1,3]
    [18,P]:[1,3,1]
    [20,P]:[5,4,3]
  Sectors:
    [1,1]->-,-,-,-
    [1,2]->[1,P],[-4,*],[6,P],-
    [1,3]->[18,P],-,-,-
    [1,4]->-,-,-,-
    [1,5]->-,-,-,-
    [2,1]->-,-,-,-
    [2,2]->[-10,*],[8,P],-,-
    [2,3]->-,-,-,-
    [2,4]->-,-,[-11,W],-
    [2,5]->-,-,-,-
    [3,1]->[10,P],[-2,Y],[14,P],-
    [3,2]->[11,P],[-7,*],-,-
    [3,3]->[-1,O],-,-,-
    [3,4]->-,-,-,-
    [3,5]->-,-,-,-
    [4,1]->[0,E],[19,P],[13,P],-
    [4,2]->[-3,*],-,-,-
    [4,3]->[7,P],-,-,-
    [4,4]->[3,P],-,-,-
    [4,5]->[-8,W],-,-,-
    [5,1]->[-6,Y],-,-,-
    [5,2]->-,-,-,-
    [5,3]->[-9,Y],[15,P],[16,P],[17,P]
    [5,4]->-,-,[20,P],-
    [5,5]->[-5,W],[4,P],[2,P],-
  Descriptions:
    [-11,W]->
    [-10,*]->Luminosity:5
    [-9,Y]->Luminosity:2
    [-8,W]->
    [-7,*]->Luminosity:5
    [-6,Y]->Luminosity:2
    [-5,W]->
    [-4,*]->Luminosity:5
    [-3,*]->Luminosity:5
    [-2,Y]->Luminosity:2
    [-1,O]->
    [0,E]->fuel:2/3, life:3/3, landed?:F
    [1,P]->attached?:T, support_life?:F, visited?:F, turns_left:N/A
    [2,P]->attached?:F, support_life?:F, visited?:F, turns_left:1
    [3,P]->attached?:F, support_life?:F, visited?:F, turns_left:0
    [4,P]->attached?:F, support_life?:F, visited?:F, turns_left:0
    [6,P]->attached?:T, support_life?:F, visited?:F, turns_left:N/A
    [7,P]->attached?:F, support_life?:F, visited?:F, turns_left:0
    [8,P]->attached?:T, support_life?:F, visited?:F, turns_left:N/A
    [10,P]->attached?:T, support_life?:F, visited?:T, turns_left:N/A
    [11,P]->attached?:T, support_life?:F, visited?:F, turns_left:N/A
    [13,P]->attached?:F, support_life?:F, visited?:F, turns_left:1
    [14,P]->attached?:T, support_life?:T, visited?:F, turns_left:N/A
    [15,P]->attached?:T, support_life?:F, visited?:F, turns_left:N/A
    [16,P]->attached?:T, support_life?:T, visited?:F, turns_left:N/A
    [17,P]->attached?:T, support_life?:T, visited?:F, turns_left:N/A
    [18,P]->attached?:F, support_life?:F, visited?:F, turns_left:1
    [19,P]->attached?:F, support_life?:F, visited?:F, turns_left:0
    [20,P]->attached?:F, support_life?:F, visited?:F, turns_left:1
  Deaths This Turn:none
    (1:1)  (1:2)  (1:3)  (1:4)  (1:5)  
    ----   P*P-   P---   ----   ----   
    (2:1)  (2:2)  (2:3)  (2:4)  (2:5)  
    ----   *P--   ----   --W-   ----   
    (3:1)  (3:2)  (3:3)  (3:4)  (3:5)  
    PYP-   P*--   O---   ----   ----   
    (4:1)  (4:2)  (4:3)  (4:4)  (4:5)  
    EPP-   *---   P---   P---   W---   
    (5:1)  (5:2)  (5:3)  (5:4)  (5:5)  
    Y---   ----   YPPP   --P-   WPP-   
->move(S)
  state:11.0, mode:test, ok
  Movement:
    [0,E]:[4,1,1]->[5,1,2]
    [3,P]:[4,4,1]->[3,4,1]
    [4,P]:[5,5,2]->[4,4,1]
    [7,P]:[4,3,1]->[3,4,2]
    [19,P]:[4,1,2]->[5,1,3]
  Sectors:
    [1,1]->-,-,-,-
    [1,2]->[1,P],[-4,*],[6,P],-
    [1,3]->[18,P],-,-,-
    [1,4]->-,-,-,-
    [1,5]->-,-,-,-
    [2,1]->-,-,-,-
    [2,2]->[-10,*],[8,P],-,-
    [2,3]->-,-,-,-
    [2,4]->-,-,[-11,W],-
    [2,5]->-,-,-,-
    [3,1]->[10,P],[-2,Y],[14,P],-
    [3,2]->[11,P],[-7,*],-,-
    [3,3]->[-1,O],-,-,-
    [3,4]->[3,P],[7,P],-,-
    [3,5]->-,-,-,-
    [4,1]->-,-,[13,P],-
    [4,2]->[-3,*],-,-,-
    [4,3]->-,-,-,-
    [4,4]->[4,P],-,-,-
    [4,5]->[-8,W],-,-,-
    [5,1]->[-6,Y],[0,E],[19,P],-
    [5,2]->-,-,-,-
    [5,3]->[-9,Y],[15,P],[16,P],[17,P]
    [5,4]->-,-,[20,P],-
    [5,5]->[-5,W],-,[2,P],-
  Descriptions:
    [-11,W]->
    [-10,*]->Luminosity:5
    [-9,Y]->Luminosity:2
    [-8,W]->
    [-7,*]->Luminosity:5
    [-6,Y]->Luminosity:2
    [-5,W]->
    [-4,*]->Luminosity:5
    [-3,*]->Luminosity:5
    [-2,Y]->Luminosity:2
    [-1,O]->
    [0,E]->fuel:3/3, life:3/3, landed?:F
    [1,P]->attached?:T, support_life?:F, visited?:F, turns_left:N/A
    [2,P]->attached?:F, support_life?:F, visited?:F, turns_left:0
    [3,P]->attached?:F, support_life?:F, visited?:F, turns_left:1
    [4,P]->attached?:F, support_life?:F, visited?:F, turns_left:1
    [6,P]->attached?:T, support_life?:F, visited?:F, turns_left:N/A
    [7,P]->attached?:F, support_life?:F, visited?:F, turns_left:2
    [8,P]->attached?:T, support_life?:F, visited?:F, turns_left:N/A
    [10,P]->attached?:T, support_life?:F, visited?:T, turns_left:N/A
    [11,P]->attached?:T, support_life?:F, visited?:F, turns_left:N/A
    [13,P]->attached?:F, support_life?:F, visited?:F, turns_left:0
    [14,P]->attached?:T, support_life?:T, visited?:F, turns_left:N/A
    [15,P]->attached?:T, support_life?:F, visited?:F, turns_left:N/A
    [16,P]->attached?:T, support_life?:T, visited?:F, turns_left:N/A
    [17,P]->attached?:T, support_life?:T, visited?:F, turns_left:N/A
    [18,P]->attached?:F, support_life?:F, visited?:F, turns_left:0
    [19,P]->attached?:T, support_life?:F, visited?:F, turns_left:N/A
    [20,P]->attached?:F, support_life?:F, visited?:F, turns_left:0
  Deaths This Turn:none
    (1:1)  (1:2)  (1:3)  (1:4)  (1:5)  
    ----   P*P-   P---   ----   ----   
    (2:1)  (2:2)  (2:3)  (2:4)  (2:5)  
    ----   *P--   ----   --W-   ----   
    (3:1)  (3:2)  (3:3)  (3:4)  (3:5)  
    PYP-   P*--   O---   PP--   ----   
    (4:1)  (4:2)  (4:3)  (4:4)  (4:5)  
    --P-   *---   ----   P---   W---   
    (5:1)  (5:2)  (5:3)  (5:4)  (5:5)  
    YEP-   ----   YPPP   --P-   W-P-   
->land
  state:12.0, mode:test, ok
  Explorer found no life as we know it at Sector:5:1
  Movement:
    [2,P]:[5,5,3]->[5,4,1]
    [13,P]:[4,1,3]->[3,1,4]
    [18,P]:[1,3,1]->[2,4,1]
    [20,P]:[5,4,3]->[1,5,1]
  Sectors:
    [1,1]->-,-,-,-
    [1,2]->[1,P],[-4,*],[6,P],-
    [1,3]->-,-,-,-
    [1,4]->-,-,-,-
    [1,5]->[20,P],-,-,-
    [2,1]->-,-,-,-
    [2,2]->[-10,*],[8,P],-,-
    [2,3]->-,-,-,-
    [2,4]->[18,P],-,[-11,W],-
    [2,5]->-,-,-,-
    [3,1]->[10,P],[-2,Y],[14,P],[13,P]
    [3,2]->[11,P],[-7,*],-,-
    [3,3]->[-1,O],-,-,-
    [3,4]->[3,P],[7,P],-,-
    [3,5]->-,-,-,-
    [4,1]->-,-,-,-
    [4,2]->[-3,*],-,-,-
    [4,3]->-,-,-,-
    [4,4]->[4,P],-,-,-
    [4,5]->[-8,W],-,-,-
    [5,1]->[-6,Y],[0,E],[19,P],-
    [5,2]->-,-,-,-
    [5,3]->[-9,Y],[15,P],[16,P],[17,P]
    [5,4]->[2,P],-,-,-
    [5,5]->[-5,W],-,-,-
  Descriptions:
    [-11,W]->
    [-10,*]->Luminosity:5
    [-9,Y]->Luminosity:2
    [-8,W]->
    [-7,*]->Luminosity:5
    [-6,Y]->Luminosity:2
    [-5,W]->
    [-4,*]->Luminosity:5
    [-3,*]->Luminosity:5
    [-2,Y]->Luminosity:2
    [-1,O]->
    [0,E]->fuel:3/3, life:3/3, landed?:T
    [1,P]->attached?:T, support_life?:F, visited?:F, turns_left:N/A
    [2,P]->attached?:F, support_life?:F, visited?:F, turns_left:1
    [3,P]->attached?:F, support_life?:F, visited?:F, turns_left:0
    [4,P]->attached?:F, support_life?:F, visited?:F, turns_left:0
    [6,P]->attached?:T, support_life?:F, visited?:F, turns_left:N/A
    [7,P]->attached?:F, support_life?:F, visited?:F, turns_left:1
    [8,P]->attached?:T, support_life?:F, visited?:F, turns_left:N/A
    [10,P]->attached?:T, support_life?:F, visited?:T, turns_left:N/A
    [11,P]->attached?:T, support_life?:F, visited?:F, turns_left:N/A
    [13,P]->attached?:T, support_life?:T, visited?:F, turns_left:N/A
    [14,P]->attached?:T, support_life?:T, visited?:F, turns_left:N/A
    [15,P]->attached?:T, support_life?:F, visited?:F, turns_left:N/A
    [16,P]->attached?:T, support_life?:T, visited?:F, turns_left:N/A
    [17,P]->attached?:T, support_life?:T, visited?:F, turns_left:N/A
    [18,P]->attached?:F, support_life?:F, visited?:F, turns_left:1
    [19,P]->attached?:T, support_life?:F, visited?:T, turns_left:N/A
    [20,P]->attached?:F, support_life?:F, visited?:F, turns_left:0
  Deaths This Turn:none
    (1:1)  (1:2)  (1:3)  (1:4)  (1:5)  
    ----   P*P-   ----   ----   P---   
    (2:1)  (2:2)  (2:3)  (2:4)  (2:5)  
    ----   *P--   ----   P-W-   ----   
    (3:1)  (3:2)  (3:3)  (3:4)  (3:5)  
    PYPP   P*--   O---   PP--   ----   
    (4:1)  (4:2)  (4:3)  (4:4)  (4:5)  
    ----   *---   ----   P---   W---   
    (5:1)  (5:2)  (5:3)  (5:4)  (5:5)  
    YEP-   ----   YPPP   P---   W---   
->liftoff
  state:13.0, mode:test, ok
  Explorer has lifted off from planet at Sector:5:1
  Movement:
    [3,P]:[3,4,1]->[2,5,1]
    [4,P]:[4,4,1]->[3,5,1]
    [20,P]:[1,5,1]->[2,4,2]
  Sectors:
    [1,1]->-,-,-,-
    [1,2]->[1,P],[-4,*],[6,P],-
    [1,3]->-,-,-,-
    [1,4]->-,-,-,-
    [1,5]->-,-,-,-
    [2,1]->-,-,-,-
    [2,2]->[-10,*],[8,P],-,-
    [2,3]->-,-,-,-
    [2,4]->[18,P],[20,P],[-11,W],-
    [2,5]->[3,P],-,-,-
    [3,1]->[10,P],[-2,Y],[14,P],[13,P]
    [3,2]->[11,P],[-7,*],-,-
    [3,3]->[-1,O],-,-,-
    [3,4]->-,[7,P],-,-
    [3,5]->[4,P],-,-,-
    [4,1]->-,-,-,-
    [4,2]->[-3,*],-,-,-
    [4,3]->-,-,-,-
    [4,4]->-,-,-,-
    [4,5]->[-8,W],-,-,-
    [5,1]->[-6,Y],[0,E],[19,P],-
    [5,2]->-,-,-,-
    [5,3]->[-9,Y],[15,P],[16,P],[17,P]
    [5,4]->[2,P],-,-,-
    [5,5]->[-5,W],-,-,-
  Descriptions:
    [-11,W]->
    [-10,*]->Luminosity:5
    [-9,Y]->Luminosity:2
    [-8,W]->
    [-7,*]->Luminosity:5
    [-6,Y]->Luminosity:2
    [-5,W]->
    [-4,*]->Luminosity:5
    [-3,*]->Luminosity:5
    [-2,Y]->Luminosity:2
    [-1,O]->
    [0,E]->fuel:3/3, life:3/3, landed?:F
    [1,P]->attached?:T, support_life?:F, visited?:F, turns_left:N/A
    [2,P]->attached?:F, support_life?:F, visited?:F, turns_left:0
    [3,P]->attached?:F, support_life?:F, visited?:F, turns_left:1
    [4,P]->attached?:F, support_life?:F, visited?:F, turns_left:1
    [6,P]->attached?:T, support_life?:F, visited?:F, turns_left:N/A
    [7,P]->attached?:F, support_life?:F, visited?:F, turns_left:0
    [8,P]->attached?:T, support_life?:F, visited?:F, turns_left:N/A
    [10,P]->attached?:T, support_life?:F, visited?:T, turns_left:N/A
    [11,P]->attached?:T, support_life?:F, visited?:F, turns_left:N/A
    [13,P]->attached?:T, support_life?:T, visited?:F, turns_left:N/A
    [14,P]->attached?:T, support_life?:T, visited?:F, turns_left:N/A
    [15,P]->attached?:T, support_life?:F, visited?:F, turns_left:N/A
    [16,P]->attached?:T, support_life?:T, visited?:F, turns_left:N/A
    [17,P]->attached?:T, support_life?:T, visited?:F, turns_left:N/A
    [18,P]->attached?:F, support_life?:F, visited?:F, turns_left:0
    [19,P]->attached?:T, support_life?:F, visited?:T, turns_left:N/A
    [20,P]->attached?:F, support_life?:F, visited?:F, turns_left:1
  Deaths This Turn:none
    (1:1)  (1:2)  (1:3)  (1:4)  (1:5)  
    ----   P*P-   ----   ----   ----   
    (2:1)  (2:2)  (2:3)  (2:4)  (2:5)  
    ----   *P--   ----   PPW-   P---   
    (3:1)  (3:2)  (3:3)  (3:4)  (3:5)  
    PYPP   P*--   O---   -P--   P---   
    (4:1)  (4:2)  (4:3)  (4:4)  (4:5)  
    ----   *---   ----   ----   W---   
    (5:1)  (5:2)  (5:3)  (5:4)  (5:5)  
    YEP-   ----   YPPP   P---   W---   
->land
  state:13.1, mode:test, error
  Negative on that request:no unvisited attached planet at Sector:5:1
->abort
  state:13.2, ok
  Mission aborted. Try test(1,1,1,1,30)
