  state:0.0, ok
  Welcome! Try test(1,1,1,1,30)
->test(1,1,1,1,30)
  state:1.0, mode:test, ok
  Movement:none
  Sectors:
    [1,1]->[0,E],-,-,-
    [1,2]->[-8,*],-,-,-
    [1,3]->[1,P],-,-,-
    [1,4]->-,-,-,-
    [1,5]->[2,P],[3,P],-,-
    [2,1]->-,-,-,-
    [2,2]->-,-,-,-
    [2,3]->[-5,W],-,-,-
    [2,4]->-,-,-,-
    [2,5]->[4,P],-,-,-
    [3,1]->[5,P],[-6,Y],-,-
    [3,2]->-,-,-,-
    [3,3]->[-1,O],-,-,-
    [3,4]->[6,P],[-11,W],-,-
    [3,5]->-,-,-,-
    [4,1]->[-2,W],-,-,-
    [4,2]->[7,P],[-7,*],-,-
    [4,3]->[8,P],-,-,-
    [4,4]->[9,P],[-4,*],-,-
    [4,5]->-,-,-,-
    [5,1]->[10,P],[-3,W],-,-
    [5,2]->-,-,-,-
    [5,3]->[-10,*],-,-,-
    [5,4]->-,-,-,-
    [5,5]->[11,P],[-9,W],-,-
  Descriptions:
    [-11,W]->
    [-10,*]->Luminosity:5
    [-9,W]->
    [-8,*]->Luminosity:5
    [-7,*]->Luminosity:5
    [-6,Y]->Luminosity:2
    [-5,W]->
    [-4,*]->Luminosity:5
    [-3,W]->
    [-2,W]->
    [-1,O]->
    [0,E]->fuel:3/3, life:3/3, landed?:F
    [1,P]->attached?:F, support_life?:F, visited?:F, turns_left:2
    [2,P]->attached?:F, support_life?:F, visited?:F, turns_left:2
    [3,P]->attached?:F, support_life?:F, visited?:F, turns_left:0
    [4,P]->attached?:F, support_life?:F, visited?:F, turns_left:2
    [5,P]->attached?:F, support_life?:F, visited?:F, turns_left:1
    [6,P]->attached?:F, support_life?:F, visited?:F, turns_left:2
    [7,P]->attached?:F, support_life?:F, visited?:F, turns_left:2
    [8,P]->attached?:F, support_life?:F, visited?:F, turns_left:0
    [9,P]->attached?:F, support_life?:F, visited?:F, turns_left:1
    [10,P]->attached?:F, support_life?:F, visited?:F, turns_left:1
    [11,P]->attached?:F, support_life?:F, visited?:F, turns_left:2
  Deaths This Turn:none
    (1:1)  (1:2)  (1:3)  (1:4)  (1:5)  
    E---   *---   P---   ----   PP--   
    (2:1)  (2:2)  (2:3)  (2:4)  (2:5)  
    ----   ----   W---   ----   P---   
    (3:1)  (3:2)  (3:3)  (3:4)  (3:5)  
    PY--   ----   O---   PW--   ----   
    (4:1)  (4:2)  (4:3)  (4:4)  (4:5)  
    W---   P*--   P---   P*--   ----   
    (5:1)  (5:2)  (5:3)  (5:4)  (5:5)  
    PW--   ----   *---   ----   PW--   
->wormhole
  state:1.1, mode:test, error
  Explorer couldn't find wormhole at Sector:1:1
->move(E)
  state:2.0, mode:test, ok
  Movement:
    [0,E]:[1,1,1]->[1,2,2]
    [3,P]:[1,5,2]->[5,4,1]
    [8,P]:[4,3,1]->[3,2,1]
  Sectors:
    [1,1]->-,-,-,-
    [1,2]->[-8,*],[0,E],-,-
    [1,3]->[1,P],-,-,-
    [1,4]->-,-,-,-
    [1,5]->[2,P],-,-,-
    [2,1]->-,-,-,-
    [2,2]->-,-,-,-
    [2,3]->[-5,W],-,-,-
    [2,4]->-,-,-,-
    [2,5]->[4,P],-,-,-
    [3,1]->[5,P],[-6,Y],-,-
    [3,2]->[8,P],-,-,-
    [3,3]->[-1,O],-,-,-
    [3,4]->[6,P],[-11,W],-,-
    [3,5]->-,-,-,-
    [4,1]->[-2,W],-,-,-
    [4,2]->[7,P],[-7,*],-,-
    [4,3]->-,-,-,-
    [4,4]->[9,P],[-4,*],-,-
    [4,5]->-,-,-,-
    [5,1]->[10,P],[-3,W],-,-
    [5,2]->-,-,-,-
    [5,3]->[-10,*],-,-,-
    [5,4]->[3,P],-,-,-
    [5,5]->[11,P],[-9,W],-,-
  Descriptions:
    [-11,W]->
    [-10,*]->Luminosity:5
    [-9,W]->
    [-8,*]->Luminosity:5
    [-7,*]->Luminosity:5
    [-6,Y]->Luminosity:2
    [-5,W]->
    [-4,*]->Luminosity:5
    [-3,W]->
    [-2,W]->
    [-1,O]->
    [0,E]->fuel:3/3, life:3/3, landed?:F
    [1,P]->attached?:F, support_life?:F, visited?:F, turns_left:1
    [2,P]->attached?:F, support_life?:F, visited?:F, turns_left:1
    [3,P]->attached?:F, support_life?:F, visited?:F, turns_left:2
    [4,P]->attached?:F, support_life?:F, visited?:F, turns_left:1
    [5,P]->attached?:F, support_life?:F, visited?:F, turns_left:0
    [6,P]->attached?:F, support_life?:F, visited?:F, turns_left:1
    [7,P]->attached?:F, support_life?:F, visited?:F, turns_left:1
    [8,P]->attached?:F, support_life?:F, visited?:F, turns_left:0
    [9,P]->attached?:F, support_life?:F, visited?:F, turns_left:0
    [10,P]->attached?:F, support_life?:F, visited?:F, turns_left:0
    [11,P]->attached?:F, support_life?:F, visited?:F, turns_left:1
  Deaths This Turn:none
    (1:1)  (1:2)  (1:3)  (1:4)  (1:5)  
    ----   *E--   P---   ----   P---   
    (2:1)  (2:2)  (2:3)  (2:4)  (2:5)  
    ----   ----   W---   ----   P---   
    (3:1)  (3:2)  (3:3)  (3:4)  (3:5)  
    PY--   P---   O---   PW--   ----   
    (4:1)  (4:2)  (4:3)  (4:4)  (4:5)  
    W---   P*--   ----   P*--   ----   
    (5:1)  (5:2)  (5:3)  (5:4)  (5:5)  
    PW--   ----   *---   P---   PW--   
->wormhole
  state:2.1, mode:test, error
  Explorer couldn't find wormhole at Sector:1:2
->move(E)
  state:3.0, mode:test, ok
  Movement:
    [0,E]:[1,2,2]->[1,3,2]
    [8,P]:[3,2,1]->[4,1,2]
    [10,P]:[5,1,1]->[1,2,2]
  Sectors:
    [1,1]->-,-,-,-
    [1,2]->[-8,*],[10,P],-,-
    [1,3]->[1,P],[0,E],-,-
    [1,4]->-,-,-,-
    [1,5]->[2,P],-,-,-
    [2,1]->-,-,-,-
    [2,2]->-,-,-,-
    [2,3]->[-5,W],-,-,-
    [2,4]->-,-,-,-
    [2,5]->[4,P],-,-,-
    [3,1]->[5,P],[-6,Y],-,-
    [3,2]->-,-,-,-
    [3,3]->[-1,O],-,-,-
    [3,4]->[6,P],[-11,W],-,-
    [3,5]->-,-,-,-
    [4,1]->[-2,W],[8,P],-,-
    [4,2]->[7,P],[-7,*],-,-
    [4,3]->-,-,-,-
    [4,4]->[9,P],[-4,*],-,-
    [4,5]->-,-,-,-
    [5,1]->-,[-3,W],-,-
    [5,2]->-,-,-,-
    [5,3]->[-10,*],-,-,-
    [5,4]->[3,P],-,-,-
    [5,5]->[11,P],[-9,W],-,-
  Descriptions:
    [-11,W]->
    [-10,*]->Luminosity:5
    [-9,W]->
    [-8,*]->Luminosity:5
    [-7,*]->Luminosity:5
    [-6,Y]->Luminosity:2
    [-5,W]->
    [-4,*]->Luminosity:5
    [-3,W]->
    [-2,W]->
    [-1,O]->
    [0,E]->fuel:2/3, life:3/3, landed?:F
    [1,P]->attached?:F, support_life?:F, visited?:F, turns_left:0
    [2,P]->attached?:F, support_life?:F, visited?:F, turns_left:0
    [3,P]->attached?:F, support_life?:F, visited?:F, turns_left:1
    [4,P]->attached?:F, support_life?:F, visited?:F, turns_left:0
    [5,P]->attached?:T, support_life?:F, visited?:F, turns_left:N/A
    [6,P]->attached?:F, support_life?:F, visited?:F, turns_left:0
    [7,P]->attached?:F, support_life?:F, visited?:F, turns_left:0
    [8,P]->attached?:F, support_life?:F, visited?:F, turns_left:1
    [9,P]->attached?:T, support_life?:F, visited?:F, turns_left:N/A
    [10,P]->attached?:T, support_life?:F, visited?:F, turns_left:N/A
    [11,P]->attached?:F, support_life?:F, visited?:F, turns_left:0
  Deaths This Turn:none
    (1:1)  (1:2)  (1:3)  (1:4)  (1:5)  
    ----   *P--   PE--   ----   P---   
    (2:1)  (2:2)  (2:3)  (2:4)  (2:5)  
    ----   ----   W---   ----   P---   
    (3:1)  (3:2)  (3:3)  (3:4)  (3:5)  
    PY--   ----   O---   PW--   ----   
    (4:1)  (4:2)  (4:3)  (4:4)  (4:5)  
    WP--   P*--   ----   P*--   ----   
    (5:1)  (5:2)  (5:3)  (5:4)  (5:5)  
    -W--   ----   *---   P---   PW--   
->move(S)
  state:4.0, mode:test, ok
  Movement:
    [0,E]:[1,3,2]->[2,3,2]
    [1,P]:[1,3,1]->[2,4,1]
    [2,P]:[1,5,1]->[5,1,1]
    [4,P]:[2,5,1]->[2,1,1]
    [6,P]:[3,4,1]->[4,4,3]
    [11,P]:[5,5,1]->[5,4,2]
  Sectors:
    [1,1]->-,-,-,-
    [1,2]->[-8,*],[10,P],-,-
    [1,3]->-,-,-,-
    [1,4]->-,-,-,-
    [1,5]->-,-,-,-
    [2,1]->[4,P],-,-,-
    [2,2]->-,-,-,-
    [2,3]->[-5,W],[0,E],-,-
    [2,4]->[1,P],-,-,-
    [2,5]->-,-,-,-
    [3,1]->[5,P],[-6,Y],-,-
    [3,2]->-,-,-,-
    [3,3]->[-1,O],-,-,-
    [3,4]->-,[-11,W],-,-
    [3,5]->-,-,-,-
    [4,1]->[-2,W],[8,P],-,-
    [4,2]->[7,P],[-7,*],-,-
    [4,3]->-,-,-,-
    [4,4]->[9,P],[-4,*],[6,P],-
    [4,5]->-,-,-,-
    [5,1]->[2,P],[-3,W],-,-
    [5,2]->-,-,-,-
    [5,3]->[-10,*],-,-,-
    [5,4]->[3,P],[11,P],-,-
    [5,5]->-,[-9,W],-,-
  Descriptions:
    [-11,W]->
    [-10,*]->Luminosity:5
    [-9,W]->
    [-8,*]->Luminosity:5
    [-7,*]->Luminosity:5
    [-6,Y]->Luminosity:2
    [-5,W]->
    [-4,*]->Luminosity:5
    [-3,W]->
    [-2,W]->
    [-1,O]->
    [0,E]->fuel:1/3, life:3/3, landed?:F
    [1,P]->attached?:F, support_life?:F, visited?:F, turns_left:0
    [2,P]->attached?:F, support_life?:F, visited?:F, turns_left:2
    [3,P]->attached?:F, support_life?:F, visited?:F, turns_left:0
    [4,P]->attached?:F, support_life?:F, visited?:F, turns_left:0
    [5,P]->attached?:T, support_life?:F, visited?:F, turns_left:N/A
    [6,P]->attached?:T, support_life?:F, visited?:F, turns_left:N/A
    [7,P]->attached?:T, support_life?:F, visited?:F, turns_left:N/A
    [8,P]->attached?:F, support_life?:F, visited?:F, turns_left:0
    [9,P]->attached?:T, support_life?:F, visited?:F, turns_left:N/A
    [10,P]->attached?:T, support_life?:F, visited?:F, turns_left:N/A
    [11,P]->attached?:F, support_life?:F, visited?:F, turns_left:2
  Deaths This Turn:none
    (1:1)  (1:2)  (1:3)  (1:4)  (1:5)  
    ----   *P--   ----   ----   ----   
    (2:1)  (2:2)  (2:3)  (2:4)  (2:5)  
    P---   ----   WE--   P---   ----   
    (3:1)  (3:2)  (3:3)  (3:4)  (3:5)  
    PY--   ----   O---   -W--   ----   
    (4:1)  (4:2)  (4:3)  (4:4)  (4:5)  
    WP--   P*--   ----   P*P-   ----   
    (5:1)  (5:2)  (5:3)  (5:4)  (5:5)  
    PW--   ----   *---   PP--   -W--   
->wormhole
  state:5.0, mode:test, ok
  Movement:
    [0,E]:[2,3,2]->[1,2,3]
    [1,P]:[2,4,1]->[3,3,2]
    [3,P]:[5,4,1]->[5,3,2]
    [4,P]:[2,1,1]->[2,5,1]
    [8,P]:[4,1,2]->[5,5,1]
  Sectors:
    [1,1]->-,-,-,-
    [1,2]->[-8,*],[10,P],[0,E],-
    [1,3]->-,-,-,-
    [1,4]->-,-,-,-
    [1,5]->-,-,-,-
    [2,1]->-,-,-,-
    [2,2]->-,-,-,-
    [2,3]->[-5,W],-,-,-
    [2,4]->-,-,-,-
    [2,5]->[4,P],-,-,-
    [3,1]->[5,P],[-6,Y],-,-
    [3,2]->-,-,-,-
    [3,3]->[-1,O],-,-,-
    [3,4]->-,[-11,W],-,-
    [3,5]->-,-,-,-
    [4,1]->[-2,W],-,-,-
    [4,2]->[7,P],[-7,*],-,-
    [4,3]->-,-,-,-
    [4,4]->[9,P],[-4,*],[6,P],-
    [4,5]->-,-,-,-
    [5,1]->[2,P],[-3,W],-,-
    [5,2]->-,-,-,-
    [5,3]->[-10,*],[3,P],-,-
    [5,4]->-,[11,P],-,-
    [5,5]->[8,P],[-9,W],-,-
  Descriptions:
    [-11,W]->
    [-10,*]->Luminosity:5
    [-9,W]->
    [-8,*]->Luminosity:5
    [-7,*]->Luminosity:5
    [-6,Y]->Luminosity:2
    [-5,W]->
    [-4,*]->Luminosity:5
    [-3,W]->
    [-2,W]->
    [-1,O]->
    [0,E]->fuel:3/3, life:3/3, landed?:F
    [2,P]->attached?:F, support_life?:F, visited?:F, turns_left:1
    [3,P]->attached?:T, support_life?:F, visited?:F, turns_left:N/A
    [4,P]->attached?:F, support_life?:F, visited?:F, turns_left:0
    [5,P]->attached?:T, support_life?:F, visited?:F, turns_left:N/A
    [6,P]->attached?:T, support_life?:F, visited?:F, turns_left:N/A
    [7,P]->attached?:T, support_life?:F, visited?:F, turns_left:N/A
    [8,P]->attached?:F, support_life?:F, visited?:F, turns_left:1
    [9,P]->attached?:T, support_life?:F, visited?:F, turns_left:N/A
    [10,P]->attached?:T, support_life?:F, visited?:F, turns_left:N/A
    [11,P]->attached?:F, support_life?:F, visited?:F, turns_left:1
  Deaths This Turn:
    [1,P]->attached?:F, support_life?:F, visited?:F, turns_left:N/A,
      Planet got devoured by blackhole (id: -1) at Sector:3:3
    (1:1)  (1:2)  (1:3)  (1:4)  (1:5)  
    ----   *PE-   ----   ----   ----   
    (2:1)  (2:2)  (2:3)  (2:4)  (2:5)  
    ----   ----   W---   ----   P---   
    (3:1)  (3:2)  (3:3)  (3:4)  (3:5)  
    PY--   ----   O---   -W--   ----   
    (4:1)  (4:2)  (4:3)  (4:4)  (4:5)  
    W---   P*--   ----   P*P-   ----   
    (5:1)  (5:2)  (5:3)  (5:4)  (5:5)  
    PW--   ----   *P--   -P--   PW--   
->move(E)
  state:6.0, mode:test, ok
  Movement:
    [0,E]:[1,2,3]->[1,3,1]
    [4,P]:[2,5,1]->[1,5,1]
  Sectors:
    [1,1]->-,-,-,-
    [1,2]->[-8,*],[10,P],-,-
    [1,3]->[0,E],-,-,-
    [1,4]->-,-,-,-
    [1,5]->[4,P],-,-,-
    [2,1]->-,-,-,-
    [2,2]->-,-,-,-
    [2,3]->[-5,W],-,-,-
    [2,4]->-,-,-,-
    [2,5]->-,-,-,-
    [3,1]->[5,P],[-6,Y],-,-
    [3,2]->-,-,-,-
    [3,3]->[-1,O],-,-,-
    [3,4]->-,[-11,W],-,-
    [3,5]->-,-,-,-
    [4,1]->[-2,W],-,-,-
    [4,2]->[7,P],[-7,*],-,-
    [4,3]->-,-,-,-
    [4,4]->[9,P],[-4,*],[6,P],-
    [4,5]->-,-,-,-
    [5,1]->[2,P],[-3,W],-,-
    [5,2]->-,-,-,-
    [5,3]->[-10,*],[3,P],-,-
    [5,4]->-,[11,P],-,-
    [5,5]->[8,P],[-9,W],-,-
  Descriptions:
    [-11,W]->
    [-10,*]->Luminosity:5
    [-9,W]->
    [-8,*]->Luminosity:5
    [-7,*]->Luminosity:5
    [-6,Y]->Luminosity:2
    [-5,W]->
    [-4,*]->Luminosity:5
    [-3,W]->
    [-2,W]->
    [-1,O]->
    [0,E]->fuel:2/3, life:3/3, landed?:F
    [2,P]->attached?:F, support_life?:F, visited?:F, turns_left:0
    [3,P]->attached?:T, support_life?:F, visited?:F, turns_left:N/A
    [4,P]->attached?:F, support_life?:F, visited?:F, turns_left:1
    [5,P]->attached?:T, support_life?:F, visited?:F, turns_left:N/A
    [6,P]->attached?:T, support_life?:F, visited?:F, turns_left:N/A
    [7,P]->attached?:T, support_life?:F, visited?:F, turns_left:N/A
    [8,P]->attached?:F, support_life?:F, visited?:F, turns_left:0
    [9,P]->attached?:T, support_life?:F, visited?:F, turns_left:N/A
    [10,P]->attached?:T, support_life?:F, visited?:F, turns_left:N/A
    [11,P]->attached?:F, support_life?:F, visited?:F, turns_left:0
  Deaths This Turn:none
    (1:1)  (1:2)  (1:3)  (1:4)  (1:5)  
    ----   *P--   E---   ----   P---   
    (2:1)  (2:2)  (2:3)  (2:4)  (2:5)  
    ----   ----   W---   ----   ----   
    (3:1)  (3:2)  (3:3)  (3:4)  (3:5)  
    PY--   ----   O---   -W--   ----   
    (4:1)  (4:2)  (4:3)  (4:4)  (4:5)  
    W---   P*--   ----   P*P-   ----   
    (5:1)  (5:2)  (5:3)  (5:4)  (5:5)  
    PW--   ----   *P--   -P--   PW--   
->move(S)
  state:7.0, mode:test, ok
  Movement:
    [0,E]:[1,3,1]->[2,3,2]
    [2,P]:[5,1,1]->[1,1,1]
    [8,P]:[5,5,1]->[1,4,1]
    [11,P]:[5,4,2]->[4,3,1]
  Sectors:
    [1,1]->[2,P],-,-,-
    [1,2]->[-8,*],[10,P],-,-
    [1,3]->-,-,-,-
    [1,4]->[8,P],-,-,-
    [1,5]->[4,P],-,-,-
    [2,1]->-,-,-,-
    [2,2]->-,-,-,-
    [2,3]->[-5,W],[0,E],-,-
    [2,4]->-,-,-,-
    [2,5]->-,-,-,-
    [3,1]->[5,P],[-6,Y],-,-
    [3,2]->-,-,-,-
    [3,3]->[-1,O],-,-,-
    [3,4]->-,[-11,W],-,-
    [3,5]->-,-,-,-
    [4,1]->[-2,W],-,-,-
    [4,2]->[7,P],[-7,*],-,-
    [4,3]->[11,P],-,-,-
    [4,4]->[9,P],[-4,*],[6,P],-
    [4,5]->-,-,-,-
    [5,1]->-,[-3,W],-,-
    [5,2]->-,-,-,-
    [5,3]->[-10,*],[3,P],-,-
    [5,4]->-,-,-,-
    [5,5]->-,[-9,W],-,-
  Descriptions:
    [-11,W]->
    [-10,*]->Luminosity:5
    [-9,W]->
    [-8,*]->Luminosity:5
    [-7,*]->Luminosity:5
    [-6,Y]->Luminosity:2
    [-5,W]->
    [-4,*]->Luminosity:5
    [-3,W]->
    [-2,W]->
    [-1,O]->
    [0,E]->fuel:1/3, life:3/3, landed?:F
    [2,P]->attached?:F, support_life?:F, visited?:F, turns_left:0
    [3,P]->attached?:T, support_life?:F, visited?:F, turns_left:N/A
    [4,P]->attached?:F, support_life?:F, visited?:F, turns_left:0
    [5,P]->attached?:T, support_life?:F, visited?:F, turns_left:N/A
    [6,P]->attached?:T, support_life?:F, visited?:F, turns_left:N/A
    [7,P]->attached?:T, support_life?:F, visited?:F, turns_left:N/A
    [8,P]->attached?:F, support_life?:F, visited?:F, turns_left:0
    [9,P]->attached?:T, support_life?:F, visited?:F, turns_left:N/A
    [10,P]->attached?:T, support_life?:F, visited?:F, turns_left:N/A
    [11,P]->attached?:F, support_life?:F, visited?:F, turns_left:1
  Deaths This Turn:none
    (1:1)  (1:2)  (1:3)  (1:4)  (1:5)  
    P---   *P--   ----   P---   P---   
    (2:1)  (2:2)  (2:3)  (2:4)  (2:5)  
    ----   ----   WE--   ----   ----   
    (3:1)  (3:2)  (3:3)  (3:4)  (3:5)  
    PY--   ----   O---   -W--   ----   
    (4:1)  (4:2)  (4:3)  (4:4)  (4:5)  
    W---   P*--   P---   P*P-   ----   
    (5:1)  (5:2)  (5:3)  (5:4)  (5:5)  
    -W--   ----   *P--   ----   -W--   
->wormhole
  state:8.0, mode:test, ok
  Movement:
    [0,E]:[2,3,2]->[5,3,3]
    [2,P]:[1,1,1]->[5,5,1]
    [4,P]:[1,5,1]->[5,5,3]
    [8,P]:[1,4,1]->[5,3,4]
  Sectors:
    [1,1]->-,-,-,-
    [1,2]->[-8,*],[10,P],-,-
    [1,3]->-,-,-,-
    [1,4]->-,-,-,-
    [1,5]->-,-,-,-
    [2,1]->-,-,-,-
    [2,2]->-,-,-,-
    [2,3]->[-5,W],-,-,-
    [2,4]->-,-,-,-
    [2,5]->-,-,-,-
    [3,1]->[5,P],[-6,Y],-,-
    [3,2]->-,-,-,-
    [3,3]->[-1,O],-,-,-
    [3,4]->-,[-11,W],-,-
    [3,5]->-,-,-,-
    [4,1]->[-2,W],-,-,-
    [4,2]->[7,P],[-7,*],-,-
    [4,3]->[11,P],-,-,-
    [4,4]->[9,P],[-4,*],[6,P],-
    [4,5]->-,-,-,-
    [5,1]->-,[-3,W],-,-
    [5,2]->-,-,-,-
    [5,3]->[-10,*],[3,P],[0,E],[8,P]
    [5,4]->-,-,-,-
    [5,5]->[2,P],[-9,W],[4,P],-
  Descriptions:
    [-11,W]->
    [-10,*]->Luminosity:5
    [-9,W]->
    [-8,*]->Luminosity:5
    [-7,*]->Luminosity:5
    [-6,Y]->Luminosity:2
    [-5,W]->
    [-4,*]->Luminosity:5
    [-3,W]->
    [-2,W]->
    [-1,O]->
    [0,E]->fuel:3/3, life:3/3, landed?:F
    [2,P]->attached?:F, support_life?:F, visited?:F, turns_left:2
    [3,P]->attached?:T, support_life?:F, visited?:F, turns_left:N/A
    [4,P]->attached?:F, support_life?:F, visited?:F, turns_left:2
    [5,P]->attached?:T, support_life?:F, visited?:F, turns_left:N/A
    [6,P]->attached?:T, support_life?:F, visited?:F, turns_left:N/A
    [7,P]->attached?:T, support_life?:F, visited?:F, turns_left:N/A
    [8,P]->attached?:T, support_life?:F, visited?:F, turns_left:N/A
    [9,P]->attached?:T, support_life?:F, visited?:F, turns_left:N/A
    [10,P]->attached?:T, support_life?:F, visited?:F, turns_left:N/A
    [11,P]->attached?:F, support_life?:F, visited?:F, turns_left:0
  Deaths This Turn:none
    (1:1)  (1:2)  (1:3)  (1:4)  (1:5)  
    ----   *P--   ----   ----   ----   
    (2:1)  (2:2)  (2:3)  (2:4)  (2:5)  
    ----   ----   W---   ----   ----   
    (3:1)  (3:2)  (3:3)  (3:4)  (3:5)  
    PY--   ----   O---   -W--   ----   
    (4:1)  (4:2)  (4:3)  (4:4)  (4:5)  
    W---   P*--   P---   P*P-   ----   
    (5:1)  (5:2)  (5:3)  (5:4)  (5:5)  
    -W--   ----   *PEP   ----   PWP-   
->wormhole
  state:8.1, mode:test, error
  Explorer couldn't find wormhole at Sector:5:3
->move(N)
  state:9.0, mode:test, ok
  Movement:
    [0,E]:[5,3,3]->[4,3,2]
    [11,P]:[4,3,1]->[3,4,1]
  Sectors:
    [1,1]->-,-,-,-
    [1,2]->[-8,*],[10,P],-,-
    [1,3]->-,-,-,-
    [1,4]->-,-,-,-
    [1,5]->-,-,-,-
    [2,1]->-,-,-,-
    [2,2]->-,-,-,-
    [2,3]->[-5,W],-,-,-
    [2,4]->-,-,-,-
    [2,5]->-,-,-,-
    [3,1]->[5,P],[-6,Y],-,-
    [3,2]->-,-,-,-
    [3,3]->[-1,O],-,-,-
    [3,4]->[11,P],[-11,W],-,-
    [3,5]->-,-,-,-
    [4,1]->[-2,W],-,-,-
    [4,2]->[7,P],[-7,*],-,-
    [4,3]->-,[0,E],-,-
    [4,4]->[9,P],[-4,*],[6,P],-
    [4,5]->-,-,-,-
    [5,1]->-,[-3,W],-,-
    [5,2]->-,-,-,-
    [5,3]->[-10,*],[3,P],-,[8,P]
    [5,4]->-,-,-,-
    [5,5]->[2,P],[-9,W],[4,P],-
  Descriptions:
    [-11,W]->
    [-10,*]->Luminosity:5
    [-9,W]->
    [-8,*]->Luminosity:5
    [-7,*]->Luminosity:5
    [-6,Y]->Luminosity:2
    [-5,W]->
    [-4,*]->Luminosity:5
    [-3,W]->
    [-2,W]->
    [-1,O]->
    [0,E]->fuel:2/3, life:3/3, landed?:F
    [2,P]->attached?:F, support_life?:F, visited?:F, turns_left:1
    [3,P]->attached?:T, support_life?:F, visited?:F, turns_left:N/A
    [4,P]->attached?:F, support_life?:F, visited?:F, turns_left:1
    [5,P]->attached?:T, support_life?:F, visited?:F, turns_left:N/A
    [6,P]->attached?:T, support_life?:F, visited?:F, turns_left:N/A
    [7,P]->attached?:T, support_life?:F, visited?:F, turns_left:N/A
    [8,P]->attached?:T, support_life?:F, visited?:F, turns_left:N/A
    [9,P]->attached?:T, support_life?:F, visited?:F, turns_left:N/A
    [10,P]->attached?:T, support_life?:F, visited?:F, turns_left:N/A
    [11,P]->attached?:F, support_life?:F, visited?:F, turns_left:0
  Deaths This Turn:none
    (1:1)  (1:2)  (1:3)  (1:4)  (1:5)  
    ----   *P--   ----   ----   ----   
    (2:1)  (2:2)  (2:3)  (2:4)  (2:5)  
    ----   ----   W---   ----   ----   
    (3:1)  (3:2)  (3:3)  (3:4)  (3:5)  
    PY--   ----   O---   PW--   ----   
    (4:1)  (4:2)  (4:3)  (4:4)  (4:5)  
    W---   P*--   -E--   P*P-   ----   
    (5:1)  (5:2)  (5:3)  (5:4)  (5:5)  
    -W--   ----   *P-P   ----   PWP-   
->move(W)
  state:10.0, mode:test, ok
  Movement:
    [0,E]:[4,3,2]->[4,2,3]
    [11,P]:[3,4,1]->[4,3,1]
  Sectors:
    [1,1]->-,-,-,-
    [1,2]->[-8,*],[10,P],-,-
    [1,3]->-,-,-,-
    [1,4]->-,-,-,-
    [1,5]->-,-,-,-
    [2,1]->-,-,-,-
    [2,2]->-,-,-,-
    [2,3]->[-5,W],-,-,-
    [2,4]->-,-,-,-
    [2,5]->-,-,-,-
    [3,1]->[5,P],[-6,Y],-,-
    [3,2]->-,-,-,-
    [3,3]->[-1,O],-,-,-
    [3,4]->-,[-11,W],-,-
    [3,5]->-,-,-,-
    [4,1]->[-2,W],-,-,-
    [4,2]->[7,P],[-7,*],[0,E],-
    [4,3]->[11,P],-,-,-
    [4,4]->[9,P],[-4,*],[6,P],-
    [4,5]->-,-,-,-
    [5,1]->-,[-3,W],-,-
    [5,2]->-,-,-,-
    [5,3]->[-10,*],[3,P],-,[8,P]
    [5,4]->-,-,-,-
    [5,5]->[2,P],[-9,W],[4,P],-
  Descriptions:
    [-11,W]->
    [-10,*]->Luminosity:5
    [-9,W]->
    [-8,*]->Luminosity:5
    [-7,*]->Luminosity:5
    [-6,Y]->Luminosity:2
    [-5,W]->
    [-4,*]->Luminosity:5
    [-3,W]->
    [-2,W]->
    [-1,O]->
    [0,E]->fuel:3/3, life:3/3, landed?:F
    [2,P]->attached?:F, support_life?:F, visited?:F, turns_left:0
    [3,P]->attached?:T, support_life?:F, visited?:F, turns_left:N/A
    [4,P]->attached?:F, support_life?:F, visited?:F, turns_left:0
    [5,P]->attached?:T, support_life?:F, visited?:F, turns_left:N/A
    [6,P]->attached?:T, support_life?:F, visited?:F, turns_left:N/A
    [7,P]->attached?:T, support_life?:F, visited?:F, turns_left:N/A
    [8,P]->attached?:T, support_life?:F, visited?:F, turns_left:N/A
    [9,P]->attached?:T, support_life?:F, visited?:F, turns_left:N/A
    [10,P]->attached?:T, support_life?:F, visited?:F, turns_left:N/A
    [11,P]->attached?:F, support_life?:F, visited?:F, turns_left:1
  Deaths This Turn:none
    (1:1)  (1:2)  (1:3)  (1:4)  (1:5)  
    ----   *P--   ----   ----   ----   
    (2:1)  (2:2)  (2:3)  (2:4)  (2:5)  
    ----   ----   W---   ----   ----   
    (3:1)  (3:2)  (3:3)  (3:4)  (3:5)  
    PY--   ----   O---   -W--   ----   
    (4:1)  (4:2)  (4:3)  (4:4)  (4:5)  
    W---   P*E-   P---   P*P-   ----   
    (5:1)  (5:2)  (5:3)  (5:4)  (5:5)  
    -W--   ----   *P-P   ----   PWP-   
->move(W)
  state:11.0, mode:test, ok
  Movement:
    [0,E]:[4,2,3]->[4,1,2]
    [2,P]:[5,5,1]->[4,4,4]
    [4,P]:[5,5,3]->[5,1,1]
  Sectors:
    [1,1]->-,-,-,-
    [1,2]->[-8,*],[10,P],-,-
    [1,3]->-,-,-,-
    [1,4]->-,-,-,-
    [1,5]->-,-,-,-
    [2,1]->-,-,-,-
    [2,2]->-,-,-,-
    [2,3]->[-5,W],-,-,-
    [2,4]->-,-,-,-
    [2,5]->-,-,-,-
    [3,1]->[5,P],[-6,Y],-,-
    [3,2]->-,-,-,-
    [3,3]->[-1,O],-,-,-
    [3,4]->-,[-11,W],-,-
    [3,5]->-,-,-,-
    [4,1]->[-2,W],[0,E],-,-
    [4,2]->[7,P],[-7,*],-,-
    [4,3]->[11,P],-,-,-
    [4,4]->[9,P],[-4,*],[6,P],[2,P]
    [4,5]->-,-,-,-
    [5,1]->[4,P],[-3,W],-,-
    [5,2]->-,-,-,-
    [5,3]->[-10,*],[3,P],-,[8,P]
    [5,4]->-,-,-,-
    [5,5]->-,[-9,W],-,-
  Descriptions:
    [-11,W]->
    [-10,*]->Luminosity:5
    [-9,W]->
    [-8,*]->Luminosity:5
    [-7,*]->Luminosity:5
    [-6,Y]->Luminosity:2
    [-5,W]->
    [-4,*]->Luminosity:5
    [-3,W]->
    [-2,W]->
    [-1,O]->
    [0,E]->fuel:2/3, life:3/3, landed?:F
    [2,P]->attached?:T, support_life?:F, visited?:F, turns_left:N/A
    [3,P]->attached?:T, support_life?:F, visited?:F, turns_left:N/A
    [4,P]->attached?:F, support_life?:F, visited?:F, turns_left:0
    [5,P]->attached?:T, support_life?:F, visited?:F, turns_left:N/A
    [6,P]->attached?:T, support_life?:F, visited?:F, turns_left:N/A
    [7,P]->attached?:T, support_life?:F, visited?:F, turns_left:N/A
    [8,P]->attached?:T, support_life?:F, visited?:F, turns_left:N/A
    [9,P]->attached?:T, support_life?:F, visited?:F, turns_left:N/A
    [10,P]->attached?:T, support_life?:F, visited?:F, turns_left:N/A
    [11,P]->attached?:F, support_life?:F, visited?:F, turns_left:0
  Deaths This Turn:none
    (1:1)  (1:2)  (1:3)  (1:4)  (1:5)  
    ----   *P--   ----   ----   ----   
    (2:1)  (2:2)  (2:3)  (2:4)  (2:5)  
    ----   ----   W---   ----   ----   
    (3:1)  (3:2)  (3:3)  (3:4)  (3:5)  
    PY--   ----   O---   -W--   ----   
    (4:1)  (4:2)  (4:3)  (4:4)  (4:5)  
    WE--   P*--   P---   P*PP   ----   
    (5:1)  (5:2)  (5:3)  (5:4)  (5:5)  
    PW--   ----   *P-P   ----   -W--   
->move(N)
  state:12.0, mode:test, ok
  Movement:
    [0,E]:[4,1,2]->[3,1,3]
    [4,P]:[5,1,1]->[5,2,1]
    [11,P]:[4,3,1]
  Sectors:
    [1,1]->-,-,-,-
    [1,2]->[-8,*],[10,P],-,-
    [1,3]->-,-,-,-
    [1,4]->-,-,-,-
    [1,5]->-,-,-,-
    [2,1]->-,-,-,-
    [2,2]->-,-,-,-
    [2,3]->[-5,W],-,-,-
    [2,4]->-,-,-,-
    [2,5]->-,-,-,-
    [3,1]->[5,P],[-6,Y],[0,E],-
    [3,2]->-,-,-,-
    [3,3]->[-1,O],-,-,-
    [3,4]->-,[-11,W],-,-
    [3,5]->-,-,-,-
    [4,1]->[-2,W],-,-,-
    [4,2]->[7,P],[-7,*],-,-
    [4,3]->[11,P],-,-,-
    [4,4]->[9,P],[-4,*],[6,P],[2,P]
    [4,5]->-,-,-,-
    [5,1]->-,[-3,W],-,-
    [5,2]->[4,P],-,-,-
    [5,3]->[-10,*],[3,P],-,[8,P]
    [5,4]->-,-,-,-
    [5,5]->-,[-9,W],-,-
  Descriptions:
    [-11,W]->
    [-10,*]->Luminosity:5
    [-9,W]->
    [-8,*]->Luminosity:5
    [-7,*]->Luminosity:5
    [-6,Y]->Luminosity:2
    [-5,W]->
    [-4,*]->Luminosity:5
    [-3,W]->
    [-2,W]->
    [-1,O]->
    [0,E]->fuel:3/3, life:3/3, landed?:F
    [2,P]->attached?:T, support_life?:F, visited?:F, turns_left:N/A
    [3,P]->attached?:T, support_life?:F, visited?:F, turns_left:N/A
    [4,P]->attached?:F, support_life?:F, visited?:F, turns_left:2
    [5,P]->attached?:T, support_life?:F, visited?:F, turns_left:N/A
    [6,P]->attached?:T, support_life?:F, visited?:F, turns_left:N/A
    [7,P]->attached?:T, support_life?:F, visited?:F, turns_left:N/A
    [8,P]->attached?:T, support_life?:F, visited?:F, turns_left:N/A
    [9,P]->attached?:T, support_life?:F, visited?:F, turns_left:N/A
    [10,P]->attached?:T, support_life?:F, visited?:F, turns_left:N/A
    [11,P]->attached?:F, support_life?:F, visited?:F, turns_left:2
  Deaths This Turn:none
    (1:1)  (1:2)  (1:3)  (1:4)  (1:5)  
    ----   *P--   ----   ----   ----   
    (2:1)  (2:2)  (2:3)  (2:4)  (2:5)  
    ----   ----   W---   ----   ----   
    (3:1)  (3:2)  (3:3)  (3:4)  (3:5)  
    PYE-   ----   O---   -W--   ----   
    (4:1)  (4:2)  (4:3)  (4:4)  (4:5)  
    W---   P*--   P---   P*PP   ----   
    (5:1)  (5:2)  (5:3)  (5:4)  (5:5)  
    -W--   P---   *P-P   ----   -W--   
->land
  state:13.0, mode:test, ok
  Explorer found no life as we know it at Sector:3:1
  Movement:none
  Sectors:
    [1,1]->-,-,-,-
    [1,2]->[-8,*],[10,P],-,-
    [1,3]->-,-,-,-
    [1,4]->-,-,-,-
    [1,5]->-,-,-,-
    [2,1]->-,-,-,-
    [2,2]->-,-,-,-
    [2,3]->[-5,W],-,-,-
    [2,4]->-,-,-,-
    [2,5]->-,-,-,-
    [3,1]->[5,P],[-6,Y],[0,E],-
    [3,2]->-,-,-,-
    [3,3]->[-1,O],-,-,-
    [3,4]->-,[-11,W],-,-
    [3,5]->-,-,-,-
    [4,1]->[-2,W],-,-,-
    [4,2]->[7,P],[-7,*],-,-
    [4,3]->[11,P],-,-,-
    [4,4]->[9,P],[-4,*],[6,P],[2,P]
    [4,5]->-,-,-,-
    [5,1]->-,[-3,W],-,-
    [5,2]->[4,P],-,-,-
    [5,3]->[-10,*],[3,P],-,[8,P]
    [5,4]->-,-,-,-
    [5,5]->-,[-9,W],-,-
  Descriptions:
    [-11,W]->
    [-10,*]->Luminosity:5
    [-9,W]->
    [-8,*]->Luminosity:5
    [-7,*]->Luminosity:5
    [-6,Y]->Luminosity:2
    [-5,W]->
    [-4,*]->Luminosity:5
    [-3,W]->
    [-2,W]->
    [-1,O]->
    [0,E]->fuel:3/3, life:3/3, landed?:T
    [2,P]->attached?:T, support_life?:F, visited?:F, turns_left:N/A
    [3,P]->attached?:T, support_life?:F, visited?:F, turns_left:N/A
    [4,P]->attached?:F, support_life?:F, visited?:F, turns_left:1
    [5,P]->attached?:T, support_life?:F, visited?:T, turns_left:N/A
    [6,P]->attached?:T, support_life?:F, visited?:F, turns_left:N/A
    [7,P]->attached?:T, support_life?:F, visited?:F, turns_left:N/A
    [8,P]->attached?:T, support_life?:F, visited?:F, turns_left:N/A
    [9,P]->attached?:T, support_life?:F, visited?:F, turns_left:N/A
    [10,P]->attached?:T, support_life?:F, visited?:F, turns_left:N/A
    [11,P]->attached?:F, support_life?:F, visited?:F, turns_left:1
  Deaths This Turn:none
    (1:1)  (1:2)  (1:3)  (1:4)  (1:5)  
    ----   *P--   ----   ----   ----   
    (2:1)  (2:2)  (2:3)  (2:4)  (2:5)  
    ----   ----   W---   ----   ----   
    (3:1)  (3:2)  (3:3)  (3:4)  (3:5)  
    PYE-   ----   O---   -W--   ----   
    (4:1)  (4:2)  (4:3)  (4:4)  (4:5)  
    W---   P*--   P---   P*PP   ----   
    (5:1)  (5:2)  (5:3)  (5:4)  (5:5)  
    -W--   P---   *P-P   ----   -W--   
->wormhole
  state:13.1, mode:test, error
  Negative on that request:you are currently landed at Sector:3:1
->abort
  state:13.2, ok
  Mission aborted. Try test(1,1,1,1,30)
