  state:0.0, ok
  Welcome! Try test(1,1,1,1,30)
->test(1,1,1,1,30)
  state:1.0, mode:test, ok
  Movement:none
  Sectors:
    [1,1]->[0,E],-,-,-
    [1,2]->[-8,*],-,-,-
    [1,3]->[1,P],-,-,-
    [1,4]->-,-,-,-
    [1,5]->[2,P],[3,P],-,-
    [2,1]->-,-,-,-
    [2,2]->-,-,-,-
    [2,3]->[-5,W],-,-,-
    [2,4]->-,-,-,-
    [2,5]->[4,P],-,-,-
    [3,1]->[5,P],[-6,Y],-,-
    [3,2]->-,-,-,-
    [3,3]->[-1,O],-,-,-
    [3,4]->[6,P],[-11,W],-,-
    [3,5]->-,-,-,-
    [4,1]->[-2,W],-,-,-
    [4,2]->[7,P],[-7,*],-,-
    [4,3]->[8,P],-,-,-
    [4,4]->[9,P],[-4,*],-,-
    [4,5]->-,-,-,-
    [5,1]->[10,P],[-3,W],-,-
    [5,2]->-,-,-,-
    [5,3]->[-10,*],-,-,-
    [5,4]->-,-,-,-
    [5,5]->[11,P],[-9,W],-,-
  Descriptions:
    [-11,W]->
    [-10,*]->Luminosity:5
    [-9,W]->
    [-8,*]->Luminosity:5
    [-7,*]->Luminosity:5
    [-6,Y]->Luminosity:2
    [-5,W]->
    [-4,*]->Luminosity:5
    [-3,W]->
    [-2,W]->
    [-1,O]->
    [0,E]->fuel:3/3, life:3/3, landed?:F
    [1,P]->attached?:F, support_life?:F, visited?:F, turns_left:2
    [2,P]->attached?:F, support_life?:F, visited?:F, turns_left:2
    [3,P]->attached?:F, support_life?:F, visited?:F, turns_left:0
    [4,P]->attached?:F, support_life?:F, visited?:F, turns_left:2
    [5,P]->attached?:F, support_life?:F, visited?:F, turns_left:1
    [6,P]->attached?:F, support_life?:F, visited?:F, turns_left:2
    [7,P]->attached?:F, support_life?:F, visited?:F, turns_left:2
    [8,P]->attached?:F, support_life?:F, visited?:F, turns_left:0
    [9,P]->attached?:F, support_life?:F, visited?:F, turns_left:1
    [10,P]->attached?:F, support_life?:F, visited?:F, turns_left:1
    [11,P]->attached?:F, support_life?:F, visited?:F, turns_left:2
  Deaths This Turn:none
    (1:1)  (1:2)  (1:3)  (1:4)  (1:5)  
    E---   *---   P---   ----   PP--   
    (2:1)  (2:2)  (2:3)  (2:4)  (2:5)  
    ----   ----   W---   ----   P---   
    (3:1)  (3:2)  (3:3)  (3:4)  (3:5)  
    PY--   ----   O---   PW--   ----   
    (4:1)  (4:2)  (4:3)  (4:4)  (4:5)  
    W---   P*--   P---   P*--   ----   
    (5:1)  (5:2)  (5:3)  (5:4)  (5:5)  
    PW--   ----   *---   ----   PW--   
->move(S)
  state:2.0, mode:test, ok
  Movement:
    [0,E]:[1,1,1]->[2,1,1]
    [3,P]:[1,5,2]->[5,4,1]
    [8,P]:[4,3,1]->[3,2,1]
  Sectors:
    [1,1]->-,-,-,-
    [1,2]->[-8,*],-,-,-
    [1,3]->[1,P],-,-,-
    [1,4]->-,-,-,-
    [1,5]->[2,P],-,-,-
    [2,1]->[0,E],-,-,-
    [2,2]->-,-,-,-
    [2,3]->[-5,W],-,-,-
    [2,4]->-,-,-,-
    [2,5]->[4,P],-,-,-
    [3,1]->[5,P],[-6,Y],-,-
    [3,2]->[8,P],-,-,-
    [3,3]->[-1,O],-,-,-
    [3,4]->[6,P],[-11,W],-,-
    [3,5]->-,-,-,-
    [4,1]->[-2,W],-,-,-
    [4,2]->[7,P],[-7,*],-,-
    [4,3]->-,-,-,-
    [4,4]->[9,P],[-4,*],-,-
    [4,5]->-,-,-,-
    [5,1]->[10,P],[-3,W],-,-
    [5,2]->-,-,-,-
    [5,3]->[-10,*],-,-,-
    [5,4]->[3,P],-,-,-
    [5,5]->[11,P],[-9,W],-,-
  Descriptions:
    [-11,W]->
    [-10,*]->Luminosity:5
    [-9,W]->
    [-8,*]->Luminosity:5
    [-7,*]->Luminosity:5
    [-6,Y]->Luminosity:2
    [-5,W]->
    [-4,*]->Luminosity:5
    [-3,W]->
    [-2,W]->
    [-1,O]->
    [0,E]->fuel:2/3, life:3/3, landed?:F
    [1,P]->attached?:F, support_life?:F, visited?:F, turns_left:1
    [2,P]->attached?:F, support_life?:F, visited?:F, turns_left:1
    [3,P]->attached?:F, support_life?:F, visited?:F, turns_left:2
    [4,P]->attached?:F, support_life?:F, visited?:F, turns_left:1
    [5,P]->attached?:F, support_life?:F, visited?:F, turns_left:0
    [6,P]->attached?:F, support_life?:F, visited?:F, turns_left:1
    [7,P]->attached?:F, support_life?:F, visited?:F, turns_left:1
    [8,P]->attached?:F, support_life?:F, visited?:F, turns_left:0
    [9,P]->attached?:F, support_life?:F, visited?:F, turns_left:0
    [10,P]->attached?:F, support_life?:F, visited?:F, turns_left:0
    [11,P]->attached?:F, support_life?:F, visited?:F, turns_left:1
  Deaths This Turn:none
    (1:1)  (1:2)  (1:3)  (1:4)  (1:5)  
    ----   *---   P---   ----   P---   
    (2:1)  (2:2)  (2:3)  (2:4)  (2:5)  
    E---   ----   W---   ----   P---   
    (3:1)  (3:2)  (3:3)  (3:4)  (3:5)  
    PY--   P---   O---   PW--   ----   
    (4:1)  (4:2)  (4:3)  (4:4)  (4:5)  
    W---   P*--   ----   P*--   ----   
    (5:1)  (5:2)  (5:3)  (5:4)  (5:5)  
    PW--   ----   *---   P---   PW--   
->move(S)
  state:3.0, mode:test, ok
  Movement:
    [0,E]:[2,1,1]->[3,1,3]
    [8,P]:[3,2,1]->[4,1,2]
    [10,P]:[5,1,1]->[1,2,2]
  Sectors:
    [1,1]->-,-,-,-
    [1,2]->[-8,*],[10,P],-,-
    [1,3]->[1,P],-,-,-
    [1,4]->-,-,-,-
    [1,5]->[2,P],-,-,-
    [2,1]->-,-,-,-
    [2,2]->-,-,-,-
    [2,3]->[-5,W],-,-,-
    [2,4]->-,-,-,-
    [2,5]->[4,P],-,-,-
    [3,1]->[5,P],[-6,Y],[0,E],-
    [3,2]->-,-,-,-
    [3,3]->[-1,O],-,-,-
    [3,4]->[6,P],[-11,W],-,-
    [3,5]->-,-,-,-
    [4,1]->[-2,W],[8,P],-,-
    [4,2]->[7,P],[-7,*],-,-
    [4,3]->-,-,-,-
    [4,4]->[9,P],[-4,*],-,-
    [4,5]->-,-,-,-
    [5,1]->-,[-3,W],-,-
    [5,2]->-,-,-,-
    [5,3]->[-10,*],-,-,-
    [5,4]->[3,P],-,-,-
    [5,5]->[11,P],[-9,W],-,-
  Descriptions:
    [-11,W]->
    [-10,*]->Luminosity:5
    [-9,W]->
    [-8,*]->Luminosity:5
    [-7,*]->Luminosity:5
    [-6,Y]->Luminosity:2
    [-5,W]->
    [-4,*]->Luminosity:5
    [-3,W]->
    [-2,W]->
    [-1,O]->
    [0,E]->fuel:3/3, life:3/3, landed?:F
    [1,P]->attached?:F, support_life?:F, visited?:F, turns_left:0
    [2,P]->attached?:F, support_life?:F, visited?:F, turns_left:0
    [3,P]->attached?:F, support_life?:F, visited?:F, turns_left:1
    [4,P]->attached?:F, support_life?:F, visited?:F, turns_left:0
    [5,P]->attached?:T, support_life?:F, visited?:F, turns_left:N/A
    [6,P]->attached?:F, support_life?:F, visited?:F, turns_left:0
    [7,P]->attached?:F, support_life?:F, visited?:F, turns_left:0
    [8,P]->attached?:F, support_life?:F, visited?:F, turns_left:1
    [9,P]->attached?:T, support_life?:F, visited?:F, turns_left:N/A
    [10,P]->attached?:T, support_life?:F, visited?:F, turns_left:N/A
    [11,P]->attached?:F, support_life?:F, visited?:F, turns_left:0
  Deaths This Turn:none
    (1:1)  (1:2)  (1:3)  (1:4)  (1:5)  
    ----   *P--   P---   ----   P---   
    (2:1)  (2:2)  (2:3)  (2:4)  (2:5)  
    ----   ----   W---   ----   P---   
    (3:1)  (3:2)  (3:3)  (3:4)  (3:5)  
    PYE-   ----   O---   PW--   ----   
    (4:1)  (4:2)  (4:3)  (4:4)  (4:5)  
    WP--   P*--   ----   P*--   ----   
    (5:1)  (5:2)  (5:3)  (5:4)  (5:5)  
    -W--   ----   *---   P---   PW--   
->land
  state:4.0, mode:test, ok
  Explorer found no life as we know it at Sector:3:1
  Movement:
    [1,P]:[1,3,1]->[2,4,1]
    [2,P]:[1,5,1]->[5,1,1]
    [4,P]:[2,5,1]->[2,1,1]
    [6,P]:[3,4,1]->[4,4,3]
    [11,P]:[5,5,1]->[5,4,2]
  Sectors:
    [1,1]->-,-,-,-
    [1,2]->[-8,*],[10,P],-,-
    [1,3]->-,-,-,-
    [1,4]->-,-,-,-
    [1,5]->-,-,-,-
    [2,1]->[4,P],-,-,-
    [2,2]->-,-,-,-
    [2,3]->[-5,W],-,-,-
    [2,4]->[1,P],-,-,-
    [2,5]->-,-,-,-
    [3,1]->[5,P],[-6,Y],[0,E],-
    [3,2]->-,-,-,-
    [3,3]->[-1,O],-,-,-
    [3,4]->-,[-11,W],-,-
    [3,5]->-,-,-,-
    [4,1]->[-2,W],[8,P],-,-
    [4,2]->[7,P],[-7,*],-,-
    [4,3]->-,-,-,-
    [4,4]->[9,P],[-4,*],[6,P],-
    [4,5]->-,-,-,-
    [5,1]->[2,P],[-3,W],-,-
    [5,2]->-,-,-,-
    [5,3]->[-10,*],-,-,-
    [5,4]->[3,P],[11,P],-,-
    [5,5]->-,[-9,W],-,-
  Descriptions:
    [-11,W]->
    [-10,*]->Luminosity:5
    [-9,W]->
    [-8,*]->Luminosity:5
    [-7,*]->Luminosity:5
    [-6,Y]->Luminosity:2
    [-5,W]->
    [-4,*]->Luminosity:5
    [-3,W]->
    [-2,W]->
    [-1,O]->
    [0,E]->fuel:3/3, life:3/3, landed?:T
    [1,P]->attached?:F, support_life?:F, visited?:F, turns_left:0
    [2,P]->attached?:F, support_life?:F, visited?:F, turns_left:2
    [3,P]->attached?:F, support_life?:F, visited?:F, turns_left:0
    [4,P]->attached?:F, support_life?:F, visited?:F, turns_left:0
    [5,P]->attached?:T, support_life?:F, visited?:T, turns_left:N/A
    [6,P]->attached?:T, support_life?:F, visited?:F, turns_left:N/A
    [7,P]->attached?:T, support_life?:F, visited?:F, turns_left:N/A
    [8,P]->attached?:F, support_life?:F, visited?:F, turns_left:0
    [9,P]->attached?:T, support_life?:F, visited?:F, turns_left:N/A
    [10,P]->attached?:T, support_life?:F, visited?:F, turns_left:N/A
    [11,P]->attached?:F, support_life?:F, visited?:F, turns_left:2
  Deaths This Turn:none
    (1:1)  (1:2)  (1:3)  (1:4)  (1:5)  
    ----   *P--   ----   ----   ----   
    (2:1)  (2:2)  (2:3)  (2:4)  (2:5)  
    P---   ----   W---   P---   ----   
    (3:1)  (3:2)  (3:3)  (3:4)  (3:5)  
    PYE-   ----   O---   -W--   ----   
    (4:1)  (4:2)  (4:3)  (4:4)  (4:5)  
    WP--   P*--   ----   P*P-   ----   
    (5:1)  (5:2)  (5:3)  (5:4)  (5:5)  
    PW--   ----   *---   PP--   -W--   
->move(S)
  state:4.1, mode:test, error
  Negative on that request:you are currently landed at Sector:3:1
->move(N)
  state:4.2, mode:test, error
  Negative on that request:you are currently landed at Sector:3:1
->status
  state:4.3, mode:test, ok
  Explorer status report:Stationary on planet surface at [3,1,3]
  Life units left:3, Fuel units left:3
->liftoff
  state:5.0, mode:test, ok
  Explorer has lifted off from planet at Sector:3:1
  Movement:
    [1,P]:[2,4,1]->[1,3,1]
    [3,P]:[5,4,1]->[1,3,2]
    [4,P]:[2,1,1]->[2,5,1]
    [8,P]:[4,1,2]->[5,5,1]
  Sectors:
    [1,1]->-,-,-,-
    [1,2]->[-8,*],[10,P],-,-
    [1,3]->[1,P],[3,P],-,-
    [1,4]->-,-,-,-
    [1,5]->-,-,-,-
    [2,1]->-,-,-,-
    [2,2]->-,-,-,-
    [2,3]->[-5,W],-,-,-
    [2,4]->-,-,-,-
    [2,5]->[4,P],-,-,-
    [3,1]->[5,P],[-6,Y],[0,E],-
    [3,2]->-,-,-,-
    [3,3]->[-1,O],-,-,-
    [3,4]->-,[-11,W],-,-
    [3,5]->-,-,-,-
    [4,1]->[-2,W],-,-,-
    [4,2]->[7,P],[-7,*],-,-
    [4,3]->-,-,-,-
    [4,4]->[9,P],[-4,*],[6,P],-
    [4,5]->-,-,-,-
    [5,1]->[2,P],[-3,W],-,-
    [5,2]->-,-,-,-
    [5,3]->[-10,*],-,-,-
    [5,4]->-,[11,P],-,-
    [5,5]->[8,P],[-9,W],-,-
  Descriptions:
    [-11,W]->
    [-10,*]->Luminosity:5
    [-9,W]->
    [-8,*]->Luminosity:5
    [-7,*]->Luminosity:5
    [-6,Y]->Luminosity:2
    [-5,W]->
    [-4,*]->Luminosity:5
    [-3,W]->
    [-2,W]->
    [-1,O]->
    [0,E]->fuel:3/3, life:3/3, landed?:F
    [1,P]->attached?:F, support_life?:F, visited?:F, turns_left:0
    [2,P]->attached?:F, support_life?:F, visited?:F, turns_left:1
    [3,P]->attached?:F, support_life?:F, visited?:F, turns_left:0
    [4,P]->attached?:F, support_life?:F, visited?:F, turns_left:0
    [5,P]->attached?:T, support_life?:F, visited?:T, turns_left:N/A
    [6,P]->attached?:T, support_life?:F, visited?:F, turns_left:N/A
    [7,P]->attached?:T, support_life?:F, visited?:F, turns_left:N/A
    [8,P]->attached?:F, support_life?:F, visited?:F, turns_left:1
    [9,P]->attached?:T, support_life?:F, visited?:F, turns_left:N/A
    [10,P]->attached?:T, support_life?:F, visited?:F, turns_left:N/A
    [11,P]->attached?:F, support_life?:F, visited?:F, turns_left:1
  Deaths This Turn:none
    (1:1)  (1:2)  (1:3)  (1:4)  (1:5)  
    ----   *P--   PP--   ----   ----   
    (2:1)  (2:2)  (2:3)  (2:4)  (2:5)  
    ----   ----   W---   ----   P---   
    (3:1)  (3:2)  (3:3)  (3:4)  (3:5)  
    PYE-   ----   O---   -W--   ----   
    (4:1)  (4:2)  (4:3)  (4:4)  (4:5)  
    W---   P*--   ----   P*P-   ----   
    (5:1)  (5:2)  (5:3)  (5:4)  (5:5)  
    PW--   ----   *---   -P--   PW--   
->pass
  state:6.0, mode:test, ok
  Movement:
    [1,P]:[1,3,1]->[5,3,2]
    [3,P]:[1,3,2]->[2,2,1]
    [4,P]:[2,5,1]->[3,5,1]
  Sectors:
    [1,1]->-,-,-,-
    [1,2]->[-8,*],[10,P],-,-
    [1,3]->-,-,-,-
    [1,4]->-,-,-,-
    [1,5]->-,-,-,-
    [2,1]->-,-,-,-
    [2,2]->[3,P],-,-,-
    [2,3]->[-5,W],-,-,-
    [2,4]->-,-,-,-
    [2,5]->-,-,-,-
    [3,1]->[5,P],[-6,Y],[0,E],-
    [3,2]->-,-,-,-
    [3,3]->[-1,O],-,-,-
    [3,4]->-,[-11,W],-,-
    [3,5]->[4,P],-,-,-
    [4,1]->[-2,W],-,-,-
    [4,2]->[7,P],[-7,*],-,-
    [4,3]->-,-,-,-
    [4,4]->[9,P],[-4,*],[6,P],-
    [4,5]->-,-,-,-
    [5,1]->[2,P],[-3,W],-,-
    [5,2]->-,-,-,-
    [5,3]->[-10,*],[1,P],-,-
    [5,4]->-,[11,P],-,-
    [5,5]->[8,P],[-9,W],-,-
  Descriptions:
    [-11,W]->
    [-10,*]->Luminosity:5
    [-9,W]->
    [-8,*]->Luminosity:5
    [-7,*]->Luminosity:5
    [-6,Y]->Luminosity:2
    [-5,W]->
    [-4,*]->Luminosity:5
    [-3,W]->
    [-2,W]->
    [-1,O]->
    [0,E]->fuel:3/3, life:3/3, landed?:F
    [1,P]->attached?:T, support_life?:F, visited?:F, turns_left:N/A
    [2,P]->attached?:F, support_life?:F, visited?:F, turns_left:0
    [3,P]->attached?:F, support_life?:F, visited?:F, turns_left:0
    [4,P]->attached?:F, support_life?:F, visited?:F, turns_left:1
    [5,P]->attached?:T, support_life?:F, visited?:T, turns_left:N/A
    [6,P]->attached?:T, support_life?:F, visited?:F, turns_left:N/A
    [7,P]->attached?:T, support_life?:F, visited?:F, turns_left:N/A
    [8,P]->attached?:F, support_life?:F, visited?:F, turns_left:0
    [9,P]->attached?:T, support_life?:F, visited?:F, turns_left:N/A
    [10,P]->attached?:T, support_life?:F, visited?:F, turns_left:N/A
    [11,P]->attached?:F, support_life?:F, visited?:F, turns_left:0
  Deaths This Turn:none
    (1:1)  (1:2)  (1:3)  (1:4)  (1:5)  
    ----   *P--   ----   ----   ----   
    (2:1)  (2:2)  (2:3)  (2:4)  (2:5)  
    ----   P---   W---   ----   ----   
    (3:1)  (3:2)  (3:3)  (3:4)  (3:5)  
    PYE-   ----   O---   -W--   P---   
    (4:1)  (4:2)  (4:3)  (4:4)  (4:5)  
    W---   P*--   ----   P*P-   ----   
    (5:1)  (5:2)  (5:3)  (5:4)  (5:5)  
    PW--   ----   *P--   -P--   PW--   
->pass
  state:7.0, mode:test, ok
  Movement:
    [2,P]:[5,1,1]->[1,2,3]
    [3,P]:[2,2,1]->[1,1,1]
    [8,P]:[5,5,1]->[4,1,2]
    [11,P]:[5,4,2]->[4,3,1]
  Sectors:
    [1,1]->[3,P],-,-,-
    [1,2]->[-8,*],[10,P],[2,P],-
    [1,3]->-,-,-,-
    [1,4]->-,-,-,-
    [1,5]->-,-,-,-
    [2,1]->-,-,-,-
    [2,2]->-,-,-,-
    [2,3]->[-5,W],-,-,-
    [2,4]->-,-,-,-
    [2,5]->-,-,-,-
    [3,1]->[5,P],[-6,Y],[0,E],-
    [3,2]->-,-,-,-
    [3,3]->[-1,O],-,-,-
    [3,4]->-,[-11,W],-,-
    [3,5]->[4,P],-,-,-
    [4,1]->[-2,W],[8,P],-,-
    [4,2]->[7,P],[-7,*],-,-
    [4,3]->[11,P],-,-,-
    [4,4]->[9,P],[-4,*],[6,P],-
    [4,5]->-,-,-,-
    [5,1]->-,[-3,W],-,-
    [5,2]->-,-,-,-
    [5,3]->[-10,*],[1,P],-,-
    [5,4]->-,-,-,-
    [5,5]->-,[-9,W],-,-
  Descriptions:
    [-11,W]->
    [-10,*]->Luminosity:5
    [-9,W]->
    [-8,*]->Luminosity:5
    [-7,*]->Luminosity:5
    [-6,Y]->Luminosity:2
    [-5,W]->
    [-4,*]->Luminosity:5
    [-3,W]->
    [-2,W]->
    [-1,O]->
    [0,E]->fuel:3/3, life:3/3, landed?:F
    [1,P]->attached?:T, support_life?:F, visited?:F, turns_left:N/A
    [2,P]->attached?:T, support_life?:F, visited?:F, turns_left:N/A
    [3,P]->attached?:F, support_life?:F, visited?:F, turns_left:1
    [4,P]->attached?:F, support_life?:F, visited?:F, turns_left:0
    [5,P]->attached?:T, support_life?:F, visited?:T, turns_left:N/A
    [6,P]->attached?:T, support_life?:F, visited?:F, turns_left:N/A
    [7,P]->attached?:T, support_life?:F, visited?:F, turns_left:N/A
    [8,P]->attached?:F, support_life?:F, visited?:F, turns_left:1
    [9,P]->attached?:T, support_life?:F, visited?:F, turns_left:N/A
    [10,P]->attached?:T, support_life?:F, visited?:F, turns_left:N/A
    [11,P]->attached?:F, support_life?:F, visited?:F, turns_left:2
  Deaths This Turn:none
    (1:1)  (1:2)  (1:3)  (1:4)  (1:5)  
    P---   *PP-   ----   ----   ----   
    (2:1)  (2:2)  (2:3)  (2:4)  (2:5)  
    ----   ----   W---   ----   ----   
    (3:1)  (3:2)  (3:3)  (3:4)  (3:5)  
    PYE-   ----   O---   -W--   P---   
    (4:1)  (4:2)  (4:3)  (4:4)  (4:5)  
    WP--   P*--   P---   P*P-   ----   
    (5:1)  (5:2)  (5:3)  (5:4)  (5:5)  
    -W--   ----   *P--   ----   -W--   
->pass
  state:8.0, mode:test, ok
  Movement:
    [4,P]:[3,5,1]->[2,5,1]
  Sectors:
    [1,1]->[3,P],-,-,-
    [1,2]->[-8,*],[10,P],[2,P],-
    [1,3]->-,-,-,-
    [1,4]->-,-,-,-
    [1,5]->-,-,-,-
    [2,1]->-,-,-,-
    [2,2]->-,-,-,-
    [2,3]->[-5,W],-,-,-
    [2,4]->-,-,-,-
    [2,5]->[4,P],-,-,-
    [3,1]->[5,P],[-6,Y],[0,E],-
    [3,2]->-,-,-,-
    [3,3]->[-1,O],-,-,-
    [3,4]->-,[-11,W],-,-
    [3,5]->-,-,-,-
    [4,1]->[-2,W],[8,P],-,-
    [4,2]->[7,P],[-7,*],-,-
    [4,3]->[11,P],-,-,-
    [4,4]->[9,P],[-4,*],[6,P],-
    [4,5]->-,-,-,-
    [5,1]->-,[-3,W],-,-
    [5,2]->-,-,-,-
    [5,3]->[-10,*],[1,P],-,-
    [5,4]->-,-,-,-
    [5,5]->-,[-9,W],-,-
  Descriptions:
    [-11,W]->
    [-10,*]->Luminosity:5
    [-9,W]->
    [-8,*]->Luminosity:5
    [-7,*]->Luminosity:5
    [-6,Y]->Luminosity:2
    [-5,W]->
    [-4,*]->Luminosity:5
    [-3,W]->
    [-2,W]->
    [-1,O]->
    [0,E]->fuel:3/3, life:3/3, landed?:F
    [1,P]->attached?:T, support_life?:F, visited?:F, turns_left:N/A
    [2,P]->attached?:T, support_life?:F, visited?:F, turns_left:N/A
    [3,P]->attached?:F, support_life?:F, visited?:F, turns_left:0
    [4,P]->attached?:F, support_life?:F, visited?:F, turns_left:2
    [5,P]->attached?:T, support_life?:F, visited?:T, turns_left:N/A
    [6,P]->attached?:T, support_life?:F, visited?:F, turns_left:N/A
    [7,P]->attached?:T, support_life?:F, visited?:F, turns_left:N/A
    [8,P]->attached?:F, support_life?:F, visited?:F, turns_left:0
    [9,P]->attached?:T, support_life?:F, visited?:F, turns_left:N/A
    [10,P]->attached?:T, support_life?:F, visited?:F, turns_left:N/A
    [11,P]->attached?:F, support_life?:F, visited?:F, turns_left:1
  Deaths This Turn:none
    (1:1)  (1:2)  (1:3)  (1:4)  (1:5)  
    P---   *PP-   ----   ----   ----   
    (2:1)  (2:2)  (2:3)  (2:4)  (2:5)  
    ----   ----   W---   ----   P---   
    (3:1)  (3:2)  (3:3)  (3:4)  (3:5)  
    PYE-   ----   O---   -W--   ----   
    (4:1)  (4:2)  (4:3)  (4:4)  (4:5)  
    WP--   P*--   P---   P*P-   ----   
    (5:1)  (5:2)  (5:3)  (5:4)  (5:5)  
    -W--   ----   *P--   ----   -W--   
->pass
  state:9.0, mode:test, ok
  Movement:
    [3,P]:[1,1,1]->[5,5,1]
    [8,P]:[4,1,2]->[3,1,4]
  Sectors:
    [1,1]->-,-,-,-
    [1,2]->[-8,*],[10,P],[2,P],-
    [1,3]->-,-,-,-
    [1,4]->-,-,-,-
    [1,5]->-,-,-,-
    [2,1]->-,-,-,-
    [2,2]->-,-,-,-
    [2,3]->[-5,W],-,-,-
    [2,4]->-,-,-,-
    [2,5]->[4,P],-,-,-
    [3,1]->[5,P],[-6,Y],[0,E],[8,P]
    [3,2]->-,-,-,-
    [3,3]->[-1,O],-,-,-
    [3,4]->-,[-11,W],-,-
    [3,5]->-,-,-,-
    [4,1]->[-2,W],-,-,-
    [4,2]->[7,P],[-7,*],-,-
    [4,3]->[11,P],-,-,-
    [4,4]->[9,P],[-4,*],[6,P],-
    [4,5]->-,-,-,-
    [5,1]->-,[-3,W],-,-
    [5,2]->-,-,-,-
    [5,3]->[-10,*],[1,P],-,-
    [5,4]->-,-,-,-
    [5,5]->[3,P],[-9,W],-,-
  Descriptions:
    [-11,W]->
    [-10,*]->Luminosity:5
    [-9,W]->
    [-8,*]->Luminosity:5
    [-7,*]->Luminosity:5
    [-6,Y]->Luminosity:2
    [-5,W]->
    [-4,*]->Luminosity:5
    [-3,W]->
    [-2,W]->
    [-1,O]->
    [0,E]->fuel:3/3, life:3/3, landed?:F
    [1,P]->attached?:T, support_life?:F, visited?:F, turns_left:N/A
    [2,P]->attached?:T, support_life?:F, visited?:F, turns_left:N/A
    [3,P]->attached?:F, support_life?:F, visited?:F, turns_left:0
    [4,P]->attached?:F, support_life?:F, visited?:F, turns_left:1
    [5,P]->attached?:T, support_life?:F, visited?:T, turns_left:N/A
    [6,P]->attached?:T, support_life?:F, visited?:F, turns_left:N/A
    [7,P]->attached?:T, support_life?:F, visited?:F, turns_left:N/A
    [8,P]->attached?:T, support_life?:T, visited?:F, turns_left:N/A
    [9,P]->attached?:T, support_life?:F, visited?:F, turns_left:N/A
    [10,P]->attached?:T, support_life?:F, visited?:F, turns_left:N/A
    [11,P]->attached?:F, support_life?:F, visited?:F, turns_left:0
  Deaths This Turn:none
    (1:1)  (1:2)  (1:3)  (1:4)  (1:5)  
    ----   *PP-   ----   ----   ----   
    (2:1)  (2:2)  (2:3)  (2:4)  (2:5)  
    ----   ----   W---   ----   P---   
    (3:1)  (3:2)  (3:3)  (3:4)  (3:5)  
    PYEP   ----   O---   -W--   ----   
    (4:1)  (4:2)  (4:3)  (4:4)  (4:5)  
    W---   P*--   P---   P*P-   ----   
    (5:1)  (5:2)  (5:3)  (5:4)  (5:5)  
    -W--   ----   *P--   ----   PW--   
->land
  state:10.0, mode:test, ok
  Tranquility base here - we've got a life!
->move(S)
  state:10.1, error
  Negative on that request:no mission in progress.
->test(1,1,1,1,30)
  state:11.0, mode:test(1,1,1,1,30), ok
  Movement:none
    (1:1)  (1:2)  (1:3)  (1:4)  (1:5)  
    EPW-   PP--   PY--   Y---   Y---   
    (2:1)  (2:2)  (2:3)  (2:4)  (2:5)  
    *---   P---   Y---   ----   PW--   
    (3:1)  (3:2)  (3:3)  (3:4)  (3:5)  
    P---   ----   O---   P---   ----   
    (4:1)  (4:2)  (4:3)  (4:4)  (4:5)  
    ----   PY--   ----   ----   P---   
    (5:1)  (5:2)  (5:3)  (5:4)  (5:5)  
    P---   ----   ----   P*--   *---   
->land
  state:11.1, mode:test(1,1,1,1,30), error
  Negative on that request:no yellow dwarf at Sector:1:1
->move(E)
  state:12.0, mode:test(1,1,1,1,30), ok
  Movement:
    [0,E]:[1,1,1]->[1,2,3]
    [6,P]:[2,5,1]->[3,5,1]
    [7,P]:[3,1,1]->[4,1,1]
    (1:1)  (1:2)  (1:3)  (1:4)  (1:5)  
    -PW-   PPE-   PY--   Y---   Y---   
    (2:1)  (2:2)  (2:3)  (2:4)  (2:5)  
    *---   P---   Y---   ----   -W--   
    (3:1)  (3:2)  (3:3)  (3:4)  (3:5)  
    ----   ----   O---   P---   P---   
    (4:1)  (4:2)  (4:3)  (4:4)  (4:5)  
    P---   PY--   ----   ----   P---   
    (5:1)  (5:2)  (5:3)  (5:4)  (5:5)  
    P---   ----   ----   P*--   *---   
->move(E)
  state:13.0, mode:test(1,1,1,1,30), ok
  Movement:
    [0,E]:[1,2,3]->[1,3,3]
    [1,P]:[1,1,2]->[1,2,3]
    [2,P]:[1,2,1]->[2,3,2]
    [3,P]:[1,2,2]->[5,3,1]
    [5,P]:[2,2,1]->[3,1,1]
    [7,P]:[4,1,1]->[4,2,3]
    [8,P]:[3,4,1]->[2,4,1]
    [10,P]:[4,5,1]->[5,4,3]
    [11,P]:[5,1,1]->[5,2,1]
    (1:1)  (1:2)  (1:3)  (1:4)  (1:5)  
    --W-   --P-   PYE-   Y---   Y---   
    (2:1)  (2:2)  (2:3)  (2:4)  (2:5)  
    *---   ----   YP--   P---   -W--   
    (3:1)  (3:2)  (3:3)  (3:4)  (3:5)  
    P---   ----   O---   ----   P---   
    (4:1)  (4:2)  (4:3)  (4:4)  (4:5)  
    ----   PYP-   ----   ----   ----   
    (5:1)  (5:2)  (5:3)  (5:4)  (5:5)  
    ----   P---   P---   P*P-   *---   
->wormhole
  state:13.1, mode:test(1,1,1,1,30), error
  Explorer couldn't find wormhole at Sector:1:3
->move(N)
  state:14.0, mode:test(1,1,1,1,30), ok
  Movement:
    [0,E]:[1,3,3]->[5,3,2]
    [5,P]:[3,1,1]->[4,2,4]
    [8,P]:[2,4,1]->[1,5,2]
    (1:1)  (1:2)  (1:3)  (1:4)  (1:5)  
    --W-   --P-   PY--   Y---   YP--   
    (2:1)  (2:2)  (2:3)  (2:4)  (2:5)  
    *---   ----   YP--   ----   -W--   
    (3:1)  (3:2)  (3:3)  (3:4)  (3:5)  
    ----   ----   O---   ----   P---   
    (4:1)  (4:2)  (4:3)  (4:4)  (4:5)  
    ----   PYPP   ----   ----   ----   
    (5:1)  (5:2)  (5:3)  (5:4)  (5:5)  
    ----   P---   PE--   P*P-   *---   
->abort
  state:14.1, ok
  Mission aborted. Try test(1,1,1,1,30)
->test(1,1,1,1,68)
  state:15.0, mode:test, ok
  Movement:none
  Sectors:
    [1,1]->[0,E],[1,P],[-8,Y],-
    [1,2]->[2,P],-,-,-
    [1,3]->[3,P],[-2,*],-,-
    [1,4]->[4,P],[5,P],-,-
    [1,5]->[6,P],-,-,-
    [2,1]->[7,P],[-10,*],-,-
    [2,2]->-,-,-,-
    [2,3]->[8,P],[9,P],[10,P],[-5,W]
    [2,4]->[11,P],[12,P],[-9,Y],-
    [2,5]->[13,P],-,-,-
    [3,1]->[14,P],-,-,-
    [3,2]->[15,P],[-3,Y],-,-
    [3,3]->[-1,O],-,-,-
    [3,4]->[16,P],[-7,Y],-,-
    [3,5]->[17,P],[18,P],[19,P],[-11,W]
    [4,1]->[20,P],[21,P],-,-
    [4,2]->[22,P],[23,P],-,-
    [4,3]->-,-,-,-
    [4,4]->[24,P],-,-,-
    [4,5]->[25,P],-,-,-
    [5,1]->[26,P],[27,P],-,-
    [5,2]->[28,P],-,-,-
    [5,3]->[29,P],[30,P],[31,P],[-6,Y]
    [5,4]->-,-,-,-
    [5,5]->[-4,W],-,-,-
  Descriptions:
    [-11,W]->
    [-10,*]->Luminosity:5
    [-9,Y]->Luminosity:2
    [-8,Y]->Luminosity:2
    [-7,Y]->Luminosity:2
    [-6,Y]->Luminosity:2
    [-5,W]->
    [-4,W]->
    [-3,Y]->Luminosity:2
    [-2,*]->Luminosity:5
    [-1,O]->
    [0,E]->fuel:3/3, life:3/3, landed?:F
    [1,P]->attached?:F, support_life?:F, visited?:F, turns_left:2
    [2,P]->attached?:F, support_life?:F, visited?:F, turns_left:1
    [3,P]->attached?:F, support_life?:F, visited?:F, turns_left:0
    [4,P]->attached?:F, support_life?:F, visited?:F, turns_left:0
    [5,P]->attached?:F, support_life?:F, visited?:F, turns_left:1
    [6,P]->attached?:F, support_life?:F, visited?:F, turns_left:1
    [7,P]->attached?:F, support_life?:F, visited?:F, turns_left:1
    [8,P]->attached?:F, support_life?:F, visited?:F, turns_left:1
    [9,P]->attached?:F, support_life?:F, visited?:F, turns_left:1
    [10,P]->attached?:F, support_life?:F, visited?:F, turns_left:2
    [11,P]->attached?:F, support_life?:F, visited?:F, turns_left:2
    [12,P]->attached?:F, support_life?:F, visited?:F, turns_left:2
    [13,P]->attached?:F, support_life?:F, visited?:F, turns_left:0
    [14,P]->attached?:F, support_life?:F, visited?:F, turns_left:2
    [15,P]->attached?:F, support_life?:F, visited?:F, turns_left:1
    [16,P]->attached?:F, support_life?:F, visited?:F, turns_left:0
    [17,P]->attached?:F, support_life?:F, visited?:F, turns_left:0
    [18,P]->attached?:F, support_life?:F, visited?:F, turns_left:0
    [19,P]->attached?:F, support_life?:F, visited?:F, turns_left:2
    [20,P]->attached?:F, support_life?:F, visited?:F, turns_left:0
    [21,P]->attached?:F, support_life?:F, visited?:F, turns_left:0
    [22,P]->attached?:F, support_life?:F, visited?:F, turns_left:1
    [23,P]->attached?:F, support_life?:F, visited?:F, turns_left:1
    [24,P]->attached?:F, support_life?:F, visited?:F, turns_left:0
    [25,P]->attached?:F, support_life?:F, visited?:F, turns_left:0
    [26,P]->attached?:F, support_life?:F, visited?:F, turns_left:0
    [27,P]->attached?:F, support_life?:F, visited?:F, turns_left:1
    [28,P]->attached?:F, support_life?:F, visited?:F, turns_left:0
    [29,P]->attached?:F, support_life?:F, visited?:F, turns_left:1
    [30,P]->attached?:F, support_life?:F, visited?:F, turns_left:1
    [31,P]->attached?:F, support_life?:F, visited?:F, turns_left:1
  Deaths This Turn:none
    (1:1)  (1:2)  (1:3)  (1:4)  (1:5)  
    EPY-   P---   P*--   PP--   P---   
    (2:1)  (2:2)  (2:3)  (2:4)  (2:5)  
    P*--   ----   PPPW   PPY-   P---   
    (3:1)  (3:2)  (3:3)  (3:4)  (3:5)  
    P---   PY--   O---   PY--   PPPW   
    (4:1)  (4:2)  (4:3)  (4:4)  (4:5)  
    PP--   PP--   ----   P---   P---   
    (5:1)  (5:2)  (5:3)  (5:4)  (5:5)  
    PP--   P---   PPPY   ----   W---   
->land
  state:15.1, mode:test, error
  Negative on that request:no unvisited attached planet at Sector:1:1
->move(S)
  state:16.0, mode:test, ok
  Movement:
    [0,E]:[1,1,1]->[2,1,3]
    [4,P]:[1,4,1]
    [13,P]:[2,5,1]->[1,5,2]
    [17,P]:[3,5,1]->[3,4,3]
    [18,P]:[3,5,2]->[4,5,2]
    [20,P]:[4,1,1]->[5,5,2]
    [21,P]:[4,1,2]->[4,5,3]
    [24,P]:[4,4,1]->[4,3,1]
    [25,P]:[4,5,1]->[5,4,1]
    [26,P]:[5,1,1]->[1,1,1]
    [28,P]:[5,2,1]->[4,3,2]
  Sectors:
    [1,1]->[26,P],[1,P],[-8,Y],-
    [1,2]->[2,P],-,-,-
    [1,3]->[3,P],[-2,*],-,-
    [1,4]->[4,P],[5,P],-,-
    [1,5]->[6,P],[13,P],-,-
    [2,1]->[7,P],[-10,*],[0,E],-
    [2,2]->-,-,-,-
    [2,3]->[8,P],[9,P],[10,P],[-5,W]
    [2,4]->[11,P],[12,P],[-9,Y],-
    [2,5]->-,-,-,-
    [3,1]->[14,P],-,-,-
    [3,2]->[15,P],[-3,Y],-,-
    [3,3]->[-1,O],-,-,-
    [3,4]->[16,P],[-7,Y],[17,P],-
    [3,5]->-,-,[19,P],[-11,W]
    [4,1]->-,-,-,-
    [4,2]->[22,P],[23,P],-,-
    [4,3]->[24,P],[28,P],-,-
    [4,4]->-,-,-,-
    [4,5]->-,[18,P],[21,P],-
    [5,1]->-,[27,P],-,-
    [5,2]->-,-,-,-
    [5,3]->[29,P],[30,P],[31,P],[-6,Y]
    [5,4]->[25,P],-,-,-
    [5,5]->[-4,W],[20,P],-,-
  Descriptions:
    [-11,W]->
    [-10,*]->Luminosity:5
    [-9,Y]->Luminosity:2
    [-8,Y]->Luminosity:2
    [-7,Y]->Luminosity:2
    [-6,Y]->Luminosity:2
    [-5,W]->
    [-4,W]->
    [-3,Y]->Luminosity:2
    [-2,*]->Luminosity:5
    [-1,O]->
    [0,E]->fuel:3/3, life:3/3, landed?:F
    [1,P]->attached?:F, support_life?:F, visited?:F, turns_left:1
    [2,P]->attached?:F, support_life?:F, visited?:F, turns_left:0
    [3,P]->attached?:T, support_life?:F, visited?:F, turns_left:N/A
    [4,P]->attached?:F, support_life?:F, visited?:F, turns_left:0
    [5,P]->attached?:F, support_life?:F, visited?:F, turns_left:0
    [6,P]->attached?:F, support_life?:F, visited?:F, turns_left:0
    [7,P]->attached?:F, support_life?:F, visited?:F, turns_left:0
    [8,P]->attached?:F, support_life?:F, visited?:F, turns_left:0
    [9,P]->attached?:F, support_life?:F, visited?:F, turns_left:0
    [10,P]->attached?:F, support_life?:F, visited?:F, turns_left:1
    [11,P]->attached?:F, support_life?:F, visited?:F, turns_left:1
    [12,P]->attached?:F, support_life?:F, visited?:F, turns_left:1
    [13,P]->attached?:F, support_life?:F, visited?:F, turns_left:2
    [14,P]->attached?:F, support_life?:F, visited?:F, turns_left:1
    [15,P]->attached?:F, support_life?:F, visited?:F, turns_left:0
    [16,P]->attached?:T, support_life?:F, visited?:F, turns_left:N/A
    [17,P]->attached?:T, support_life?:T, visited?:F, turns_left:N/A
    [18,P]->attached?:F, support_life?:F, visited?:F, turns_left:1
    [19,P]->attached?:F, support_life?:F, visited?:F, turns_left:1
    [20,P]->attached?:F, support_life?:F, visited?:F, turns_left:1
    [21,P]->attached?:F, support_life?:F, visited?:F, turns_left:1
    [22,P]->attached?:F, support_life?:F, visited?:F, turns_left:0
    [23,P]->attached?:F, support_life?:F, visited?:F, turns_left:0
    [24,P]->attached?:F, support_life?:F, visited?:F, turns_left:0
    [25,P]->attached?:F, support_life?:F, visited?:F, turns_left:2
    [26,P]->attached?:T, support_life?:F, visited?:F, turns_left:N/A
    [27,P]->attached?:F, support_life?:F, visited?:F, turns_left:0
    [28,P]->attached?:F, support_life?:F, visited?:F, turns_left:1
    [29,P]->attached?:F, support_life?:F, visited?:F, turns_left:0
    [30,P]->attached?:F, support_life?:F, visited?:F, turns_left:0
    [31,P]->attached?:F, support_life?:F, visited?:F, turns_left:0
  Deaths This Turn:none
    (1:1)  (1:2)  (1:3)  (1:4)  (1:5)  
    PPY-   P---   P*--   PP--   PP--   
    (2:1)  (2:2)  (2:3)  (2:4)  (2:5)  
    P*E-   ----   PPPW   PPY-   ----   
    (3:1)  (3:2)  (3:3)  (3:4)  (3:5)  
    P---   PY--   O---   PYP-   --PW   
    (4:1)  (4:2)  (4:3)  (4:4)  (4:5)  
    ----   PP--   PP--   ----   -PP-   
    (5:1)  (5:2)  (5:3)  (5:4)  (5:5)  
    -P--   ----   PPPY   P---   WP--   
->move(E)
  state:17.0, mode:test, ok
  Movement:
    [0,E]:[2,1,3]->[2,2,1]
    [2,P]:[1,2,1]->[1,1,4]
    [4,P]:[1,4,1]->[1,3,3]
    [5,P]:[1,4,2]->[2,4,4]
    [6,P]:[1,5,1]->[1,4,1]
    [8,P]:[2,3,1]->[1,2,1]
    [9,P]:[2,3,2]->[3,3,2]
    [22,P]:[4,2,1]->[5,1,1]
    [23,P]:[4,2,2]->[3,3,2]
    [24,P]:[4,3,1]->[4,4,1]
    [27,P]:[5,1,2]->[4,1,1]
  Sectors:
    [1,1]->[26,P],[1,P],[-8,Y],[2,P]
    [1,2]->[8,P],-,-,-
    [1,3]->[3,P],[-2,*],[4,P],-
    [1,4]->[6,P],-,-,-
    [1,5]->-,[13,P],-,-
    [2,1]->[7,P],[-10,*],-,-
    [2,2]->[0,E],-,-,-
    [2,3]->-,-,[10,P],[-5,W]
    [2,4]->[11,P],[12,P],[-9,Y],[5,P]
    [2,5]->-,-,-,-
    [3,1]->[14,P],-,-,-
    [3,2]->[15,P],[-3,Y],-,-
    [3,3]->[-1,O],-,-,-
    [3,4]->[16,P],[-7,Y],[17,P],-
    [3,5]->-,-,[19,P],[-11,W]
    [4,1]->[27,P],-,-,-
    [4,2]->-,-,-,-
    [4,3]->-,[28,P],-,-
    [4,4]->[24,P],-,-,-
    [4,5]->-,[18,P],[21,P],-
    [5,1]->[22,P],-,-,-
    [5,2]->-,-,-,-
    [5,3]->[29,P],[30,P],[31,P],[-6,Y]
    [5,4]->[25,P],-,-,-
    [5,5]->[-4,W],[20,P],-,-
  Descriptions:
    [-11,W]->
    [-10,*]->Luminosity:5
    [-9,Y]->Luminosity:2
    [-8,Y]->Luminosity:2
    [-7,Y]->Luminosity:2
    [-6,Y]->Luminosity:2
    [-5,W]->
    [-4,W]->
    [-3,Y]->Luminosity:2
    [-2,*]->Luminosity:5
    [-1,O]->
    [0,E]->fuel:2/3, life:3/3, landed?:F
    [1,P]->attached?:F, support_life?:F, visited?:F, turns_left:0
    [2,P]->attached?:T, support_life?:T, visited?:F, turns_left:N/A
    [3,P]->attached?:T, support_life?:F, visited?:F, turns_left:N/A
    [4,P]->attached?:T, support_life?:F, visited?:F, turns_left:N/A
    [5,P]->attached?:T, support_life?:T, visited?:F, turns_left:N/A
    [6,P]->attached?:F, support_life?:F, visited?:F, turns_left:0
    [7,P]->attached?:T, support_life?:F, visited?:F, turns_left:N/A
    [8,P]->attached?:F, support_life?:F, visited?:F, turns_left:2
    [10,P]->attached?:F, support_life?:F, visited?:F, turns_left:0
    [11,P]->attached?:F, support_life?:F, visited?:F, turns_left:0
    [12,P]->attached?:F, support_life?:F, visited?:F, turns_left:0
    [13,P]->attached?:F, support_life?:F, visited?:F, turns_left:1
    [14,P]->attached?:F, support_life?:F, visited?:F, turns_left:0
    [15,P]->attached?:T, support_life?:F, visited?:F, turns_left:N/A
    [16,P]->attached?:T, support_life?:F, visited?:F, turns_left:N/A
    [17,P]->attached?:T, support_life?:T, visited?:F, turns_left:N/A
    [18,P]->attached?:F, support_life?:F, visited?:F, turns_left:0
    [19,P]->attached?:F, support_life?:F, visited?:F, turns_left:0
    [20,P]->attached?:F, support_life?:F, visited?:F, turns_left:0
    [21,P]->attached?:F, support_life?:F, visited?:F, turns_left:0
    [22,P]->attached?:F, support_life?:F, visited?:F, turns_left:2
    [24,P]->attached?:F, support_life?:F, visited?:F, turns_left:1
    [25,P]->attached?:F, support_life?:F, visited?:F, turns_left:1
    [26,P]->attached?:T, support_life?:F, visited?:F, turns_left:N/A
    [27,P]->attached?:F, support_life?:F, visited?:F, turns_left:0
    [28,P]->attached?:F, support_life?:F, visited?:F, turns_left:0
    [29,P]->attached?:T, support_life?:F, visited?:F, turns_left:N/A
    [30,P]->attached?:T, support_life?:T, visited?:F, turns_left:N/A
    [31,P]->attached?:T, support_life?:F, visited?:F, turns_left:N/A
  Deaths This Turn:
    [9,P]->attached?:F, support_life?:F, visited?:F, turns_left:N/A,
      Planet got devoured by blackhole (id: -1) at Sector:3:3
    [23,P]->attached?:F, support_life?:F, visited?:F, turns_left:N/A,
      Planet got devoured by blackhole (id: -1) at Sector:3:3
    (1:1)  (1:2)  (1:3)  (1:4)  (1:5)  
    PPYP   P---   P*P-   P---   -P--   
    (2:1)  (2:2)  (2:3)  (2:4)  (2:5)  
    P*--   E---   --PW   PPYP   ----   
    (3:1)  (3:2)  (3:3)  (3:4)  (3:5)  
    P---   PY--   O---   PYP-   --PW   
    (4:1)  (4:2)  (4:3)  (4:4)  (4:5)  
    P---   ----   -P--   P---   -PP-   
    (5:1)  (5:2)  (5:3)  (5:4)  (5:5)  
    P---   ----   PPPY   P---   WP--   
->move(SE)
  state:18.0, mode:test, ok
  Explorer got devoured by blackhole (id: -1) at Sector:3:3
  The game has ended. You can start a new game.
  Movement:
    [0,E]:[2,2,1]->[3,3,2]
    [6,P]:[1,4,1]
    [10,P]:[2,3,3]->[2,2,1]
    [14,P]:[3,1,1]->[4,1,2]
    [18,P]:[4,5,2]->[5,5,3]
    [19,P]:[3,5,3]->[2,5,1]
    [20,P]:[5,5,2]->[4,1,3]
    [21,P]:[4,5,3]->[5,5,2]
    [27,P]:[4,1,1]->[4,2,1]
    [28,P]:[4,3,2]->[5,2,1]
  Sectors:
    [1,1]->[26,P],[1,P],[-8,Y],[2,P]
    [1,2]->[8,P],-,-,-
    [1,3]->[3,P],[-2,*],[4,P],-
    [1,4]->[6,P],-,-,-
    [1,5]->-,[13,P],-,-
    [2,1]->[7,P],[-10,*],-,-
    [2,2]->[10,P],-,-,-
    [2,3]->-,-,-,[-5,W]
    [2,4]->[11,P],[12,P],[-9,Y],[5,P]
    [2,5]->[19,P],-,-,-
    [3,1]->-,-,-,-
    [3,2]->[15,P],[-3,Y],-,-
    [3,3]->[-1,O],-,-,-
    [3,4]->[16,P],[-7,Y],[17,P],-
    [3,5]->-,-,-,[-11,W]
    [4,1]->-,[14,P],[20,P],-
    [4,2]->[27,P],-,-,-
    [4,3]->-,-,-,-
    [4,4]->[24,P],-,-,-
    [4,5]->-,-,-,-
    [5,1]->[22,P],-,-,-
    [5,2]->[28,P],-,-,-
    [5,3]->[29,P],[30,P],[31,P],[-6,Y]
    [5,4]->[25,P],-,-,-
    [5,5]->[-4,W],[21,P],[18,P],-
  Descriptions:
    [-11,W]->
    [-10,*]->Luminosity:5
    [-9,Y]->Luminosity:2
    [-8,Y]->Luminosity:2
    [-7,Y]->Luminosity:2
    [-6,Y]->Luminosity:2
    [-5,W]->
    [-4,W]->
    [-3,Y]->Luminosity:2
    [-2,*]->Luminosity:5
    [-1,O]->
    [1,P]->attached?:T, support_life?:T, visited?:F, turns_left:N/A
    [2,P]->attached?:T, support_life?:T, visited?:F, turns_left:N/A
    [3,P]->attached?:T, support_life?:F, visited?:F, turns_left:N/A
    [4,P]->attached?:T, support_life?:F, visited?:F, turns_left:N/A
    [5,P]->attached?:T, support_life?:T, visited?:F, turns_left:N/A
    [6,P]->attached?:F, support_life?:F, visited?:F, turns_left:1
    [7,P]->attached?:T, support_life?:F, visited?:F, turns_left:N/A
    [8,P]->attached?:F, support_life?:F, visited?:F, turns_left:1
    [10,P]->attached?:F, support_life?:F, visited?:F, turns_left:2
    [11,P]->attached?:T, support_life?:F, visited?:F, turns_left:N/A
    [12,P]->attached?:T, support_life?:T, visited?:F, turns_left:N/A
    [13,P]->attached?:F, support_life?:F, visited?:F, turns_left:0
    [14,P]->attached?:F, support_life?:F, visited?:F, turns_left:1
    [15,P]->attached?:T, support_life?:F, visited?:F, turns_left:N/A
    [16,P]->attached?:T, support_life?:F, visited?:F, turns_left:N/A
    [17,P]->attached?:T, support_life?:T, visited?:F, turns_left:N/A
    [18,P]->attached?:F, support_life?:F, visited?:F, turns_left:0
    [19,P]->attached?:F, support_life?:F, visited?:F, turns_left:0
    [20,P]->attached?:F, support_life?:F, visited?:F, turns_left:1
    [21,P]->attached?:F, support_life?:F, visited?:F, turns_left:1
    [22,P]->attached?:F, support_life?:F, visited?:F, turns_left:1
    [24,P]->attached?:F, support_life?:F, visited?:F, turns_left:0
    [25,P]->attached?:F, support_life?:F, visited?:F, turns_left:0
    [26,P]->attached?:T, support_life?:F, visited?:F, turns_left:N/A
    [27,P]->attached?:F, support_life?:F, visited?:F, turns_left:2
    [28,P]->attached?:F, support_life?:F, visited?:F, turns_left:0
    [29,P]->attached?:T, support_life?:F, visited?:F, turns_left:N/A
    [30,P]->attached?:T, support_life?:T, visited?:F, turns_left:N/A
    [31,P]->attached?:T, support_life?:F, visited?:F, turns_left:N/A
  Deaths This Turn:
    [0,E]->fuel:1/3, life:0/3, landed?:F,
      Explorer got devoured by blackhole (id: -1) at Sector:3:3
    (1:1)  (1:2)  (1:3)  (1:4)  (1:5)  
    PPYP   P---   P*P-   P---   -P--   
    (2:1)  (2:2)  (2:3)  (2:4)  (2:5)  
    P*--   P---   ---W   PPYP   P---   
    (3:1)  (3:2)  (3:3)  (3:4)  (3:5)  
    ----   PY--   O---   PYP-   ---W   
    (4:1)  (4:2)  (4:3)  (4:4)  (4:5)  
    -PP-   P---   ----   P---   ----   
    (5:1)  (5:2)  (5:3)  (5:4)  (5:5)  
    P---   P---   PPPY   P---   WPP-   
  Explorer got devoured by blackhole (id: -1) at Sector:3:3
  The game has ended. You can start a new game.
->wormhole
  state:18.1, error
  Negative on that request:no mission in progress.
->wormhole
  state:18.2, error
  Negative on that request:no mission in progress.
->move(S)
  state:18.3, error
  Negative on that request:no mission in progress.
->move(N)
  state:18.4, error
  Negative on that request:no mission in progress.
